Archive member included to satisfy reference by file (symbol)

D:/STM32CubeIDE_1.19.0/STM32CubeIDE/plugins/com.st.stm32cube.ide.mcu.externaltools.gnu-tools-for-stm32.13.3.rel1.win32_1.0.0.202411081344/tools/bin/../lib/gcc/arm-none-eabi/13.3.1/../../../../arm-none-eabi/lib/thumb/v7e-m+fp/hard\libc_nano.a(libc_a-assert.o)
                              ./Core/Src/ui_task.o (__assert_func)
D:/STM32CubeIDE_1.19.0/STM32CubeIDE/plugins/com.st.stm32cube.ide.mcu.externaltools.gnu-tools-for-stm32.13.3.rel1.win32_1.0.0.202411081344/tools/bin/../lib/gcc/arm-none-eabi/13.3.1/../../../../arm-none-eabi/lib/thumb/v7e-m+fp/hard\libc_nano.a(libc_a-exit.o)
                              D:/STM32CubeIDE_1.19.0/STM32CubeIDE/plugins/com.st.stm32cube.ide.mcu.externaltools.gnu-tools-for-stm32.13.3.rel1.win32_1.0.0.202411081344/tools/bin/../lib/gcc/arm-none-eabi/13.3.1/../../../../arm-none-eabi/lib/thumb/v7e-m+fp/hard/crt0.o (exit)
D:/STM32CubeIDE_1.19.0/STM32CubeIDE/plugins/com.st.stm32cube.ide.mcu.externaltools.gnu-tools-for-stm32.13.3.rel1.win32_1.0.0.202411081344/tools/bin/../lib/gcc/arm-none-eabi/13.3.1/../../../../arm-none-eabi/lib/thumb/v7e-m+fp/hard\libc_nano.a(libc_a-nano-vfscanf_float.o)
                              (_scanf_float)
D:/STM32CubeIDE_1.19.0/STM32CubeIDE/plugins/com.st.stm32cube.ide.mcu.externaltools.gnu-tools-for-stm32.13.3.rel1.win32_1.0.0.202411081344/tools/bin/../lib/gcc/arm-none-eabi/13.3.1/../../../../arm-none-eabi/lib/thumb/v7e-m+fp/hard\libc_nano.a(libc_a-findfp.o)
                              ./Middlewares/Third_Party/FreeRTOS/Source/tasks.o (__sf)
D:/STM32CubeIDE_1.19.0/STM32CubeIDE/plugins/com.st.stm32cube.ide.mcu.externaltools.gnu-tools-for-stm32.13.3.rel1.win32_1.0.0.202411081344/tools/bin/../lib/gcc/arm-none-eabi/13.3.1/../../../../arm-none-eabi/lib/thumb/v7e-m+fp/hard\libc_nano.a(libc_a-fprintf.o)
                              D:/STM32CubeIDE_1.19.0/STM32CubeIDE/plugins/com.st.stm32cube.ide.mcu.externaltools.gnu-tools-for-stm32.13.3.rel1.win32_1.0.0.202411081344/tools/bin/../lib/gcc/arm-none-eabi/13.3.1/../../../../arm-none-eabi/lib/thumb/v7e-m+fp/hard\libc_nano.a(libc_a-assert.o) (fiprintf)
D:/STM32CubeIDE_1.19.0/STM32CubeIDE/plugins/com.st.stm32cube.ide.mcu.externaltools.gnu-tools-for-stm32.13.3.rel1.win32_1.0.0.202411081344/tools/bin/../lib/gcc/arm-none-eabi/13.3.1/../../../../arm-none-eabi/lib/thumb/v7e-m+fp/hard\libc_nano.a(libc_a-fwalk.o)
                              D:/STM32CubeIDE_1.19.0/STM32CubeIDE/plugins/com.st.stm32cube.ide.mcu.externaltools.gnu-tools-for-stm32.13.3.rel1.win32_1.0.0.202411081344/tools/bin/../lib/gcc/arm-none-eabi/13.3.1/../../../../arm-none-eabi/lib/thumb/v7e-m+fp/hard\libc_nano.a(libc_a-findfp.o) (_fwalk_sglue)
D:/STM32CubeIDE_1.19.0/STM32CubeIDE/plugins/com.st.stm32cube.ide.mcu.externaltools.gnu-tools-for-stm32.13.3.rel1.win32_1.0.0.202411081344/tools/bin/../lib/gcc/arm-none-eabi/13.3.1/../../../../arm-none-eabi/lib/thumb/v7e-m+fp/hard\libc_nano.a(libc_a-snprintf.o)
                              ./Core/Src/esp8266.o (snprintf)
D:/STM32CubeIDE_1.19.0/STM32CubeIDE/plugins/com.st.stm32cube.ide.mcu.externaltools.gnu-tools-for-stm32.13.3.rel1.win32_1.0.0.202411081344/tools/bin/../lib/gcc/arm-none-eabi/13.3.1/../../../../arm-none-eabi/lib/thumb/v7e-m+fp/hard\libc_nano.a(libc_a-sprintf.o)
                              ./Core/Src/menu.o (sprintf)
D:/STM32CubeIDE_1.19.0/STM32CubeIDE/plugins/com.st.stm32cube.ide.mcu.externaltools.gnu-tools-for-stm32.13.3.rel1.win32_1.0.0.202411081344/tools/bin/../lib/gcc/arm-none-eabi/13.3.1/../../../../arm-none-eabi/lib/thumb/v7e-m+fp/hard\libc_nano.a(libc_a-sscanf.o)
                              ./Core/Src/esp8266.o (sscanf)
D:/STM32CubeIDE_1.19.0/STM32CubeIDE/plugins/com.st.stm32cube.ide.mcu.externaltools.gnu-tools-for-stm32.13.3.rel1.win32_1.0.0.202411081344/tools/bin/../lib/gcc/arm-none-eabi/13.3.1/../../../../arm-none-eabi/lib/thumb/v7e-m+fp/hard\libc_nano.a(libc_a-stdio.o)
                              D:/STM32CubeIDE_1.19.0/STM32CubeIDE/plugins/com.st.stm32cube.ide.mcu.externaltools.gnu-tools-for-stm32.13.3.rel1.win32_1.0.0.202411081344/tools/bin/../lib/gcc/arm-none-eabi/13.3.1/../../../../arm-none-eabi/lib/thumb/v7e-m+fp/hard\libc_nano.a(libc_a-findfp.o) (__sread)
D:/STM32CubeIDE_1.19.0/STM32CubeIDE/plugins/com.st.stm32cube.ide.mcu.externaltools.gnu-tools-for-stm32.13.3.rel1.win32_1.0.0.202411081344/tools/bin/../lib/gcc/arm-none-eabi/13.3.1/../../../../arm-none-eabi/lib/thumb/v7e-m+fp/hard\libc_nano.a(libc_a-memset.o)
                              D:/STM32CubeIDE_1.19.0/STM32CubeIDE/plugins/com.st.stm32cube.ide.mcu.externaltools.gnu-tools-for-stm32.13.3.rel1.win32_1.0.0.202411081344/tools/bin/../lib/gcc/arm-none-eabi/13.3.1/../../../../arm-none-eabi/lib/thumb/v7e-m+fp/hard/crt0.o (memset)
[...]
Memory Configuration

Name             Origin             Length             Attributes
CCMRAM           0x10000000         0x00010000         xrw
RAM              0x20000000         0x00020000         xrw
FLASH            0x08000000         0x00100000         xr
*default*        0x00000000         0xffffffff

Linker script and memory map

LOAD D:/STM32CubeIDE_1.19.0/STM32CubeIDE/plugins/com.st.stm32cube.ide.mcu.externaltools.gnu-tools-for-stm32.13.3.rel1.win32_1.0.0.202411081344/tools/bin/../lib/gcc/arm-none-eabi/13.3.1/thumb/v7e-m+fp/hard/crti.o
LOAD D:/STM32CubeIDE_1.19.0/STM32CubeIDE/plugins/com.st.stm32cube.ide.mcu.externaltools.gnu-tools-for-stm32.13.3.rel1.win32_1.0.0.202411081344/tools/bin/../lib/gcc/arm-none-eabi/13.3.1/thumb/v7e-m+fp/hard/crtbegin.o
LOAD D:/STM32CubeIDE_1.19.0/STM32CubeIDE/plugins/com.st.stm32cube.ide.mcu.externaltools.gnu-tools-for-stm32.13.3.rel1.win32_1.0.0.202411081344/tools/bin/../lib/gcc/arm-none-eabi/13.3.1/../../../../arm-none-eabi/lib/thumb/v7e-m+fp/hard/crt0.o
LOAD ./Core/Src/adc.o
LOAD ./Core/Src/bme280.o
LOAD ./Core/Src/buzzer.o
LOAD ./Core/Src/encoder.o
LOAD ./Core/Src/esp8266.o
LOAD ./Core/Src/freertos.o
LOAD ./Core/Src/gpio.o
LOAD ./Core/Src/i2c.o
LOAD ./Core/Src/ldr.o
LOAD ./Core/Src/main.o
LOAD ./Core/Src/menu.o
LOAD ./Core/Src/soft_rtc.o
LOAD ./Core/Src/ssd1306.o
LOAD ./Core/Src/ssd1306_fonts.o
LOAD ./Core/Src/stm32f4xx_hal_msp.o
LOAD ./Core/Src/stm32f4xx_hal_timebase_tim.o
LOAD ./Core/Src/stm32f4xx_it.o
LOAD ./Core/Src/syscalls.o
LOAD ./Core/Src/sysmem.o
LOAD ./Core/Src/system_stm32f4xx.o
LOAD ./Core/Src/tim.o
LOAD ./Core/Src/ui_task.o
LOAD ./Core/Src/usart.o
LOAD ./Core/Startup/startup_stm32f407vgtx.o
LOAD ./Drivers/STM32F4xx_HAL_Driver/Src/stm32f4xx_hal.o
LOAD ./Drivers/STM32F4xx_HAL_Driver/Src/stm32f4xx_hal_adc.o
LOAD ./Drivers/STM32F4xx_HAL_Driver/Src/stm32f4xx_hal_adc_ex.o
LOAD ./Drivers/STM32F4xx_HAL_Driver/Src/stm32f4xx_hal_cortex.o
LOAD ./Drivers/STM32F4xx_HAL_Driver/Src/stm32f4xx_hal_dma.o
LOAD ./Drivers/STM32F4xx_HAL_Driver/Src/stm32f4xx_hal_dma_ex.o
LOAD ./Drivers/STM32F4xx_HAL_Driver/Src/stm32f4xx_hal_exti.o
LOAD ./Drivers/STM32F4xx_HAL_Driver/Src/stm32f4xx_hal_flash.o
LOAD ./Drivers/STM32F4xx_HAL_Driver/Src/stm32f4xx_hal_flash_ex.o
LOAD ./Drivers/STM32F4xx_HAL_Driver/Src/stm32f4xx_hal_flash_ramfunc.o
LOAD ./Drivers/STM32F4xx_HAL_Driver/Src/stm32f4xx_hal_gpio.o
LOAD ./Drivers/STM32F4xx_HAL_Driver/Src/stm32f4xx_hal_i2c.o
LOAD ./Drivers/STM32F4xx_HAL_Driver/Src/stm32f4xx_hal_i2c_ex.o
LOAD ./Drivers/STM32F4xx_HAL_Driver/Src/stm32f4xx_hal_pwr.o
LOAD ./Drivers/STM32F4xx_HAL_Driver/Src/stm32f4xx_hal_pwr_ex.o
LOAD ./Drivers/STM32F4xx_HAL_Driver/Src/stm32f4xx_hal_rcc.o
LOAD ./Drivers/STM32F4xx_HAL_Driver/Src/stm32f4xx_hal_rcc_ex.o
LOAD ./Drivers/STM32F4xx_HAL_Driver/Src/stm32f4xx_hal_tim.o
LOAD ./Drivers/STM32F4xx_HAL_Driver/Src/stm32f4xx_hal_tim_ex.o
LOAD ./Drivers/STM32F4xx_HAL_Driver/Src/stm32f4xx_hal_uart.o
LOAD ./Drivers/STM32F4xx_HAL_Driver/Src/stm32f4xx_ll_adc.o
LOAD ./Middlewares/Third_Party/FreeRTOS/Source/CMSIS_RTOS_V2/cmsis_os2.o
LOAD ./Middlewares/Third_Party/FreeRTOS/Source/croutine.o
LOAD ./Middlewares/Third_Party/FreeRTOS/Source/event_groups.o
LOAD ./Middlewares/Third_Party/FreeRTOS/Source/list.o
LOAD ./Middlewares/Third_Party/FreeRTOS/Source/queue.o
LOAD ./Middlewares/Third_Party/FreeRTOS/Source/stream_buffer.o
LOAD ./Middlewares/Third_Party/FreeRTOS/Source/tasks.o
LOAD ./Middlewares/Third_Party/FreeRTOS/Source/timers.o
LOAD ./Middlewares/Third_Party/FreeRTOS/Source/portable/GCC/ARM_CM4F/port.o
LOAD ./Middlewares/Third_Party/FreeRTOS/Source/portable/MemMang/heap_4.o
START GROUP
LOAD D:/STM32CubeIDE_1.19.0/STM32CubeIDE/plugins/com.st.stm32cube.ide.mcu.externaltools.gnu-tools-for-stm32.13.3.rel1.win32_1.0.0.202411081344/tools/bin/../lib/gcc/arm-none-eabi/13.3.1/../../../../arm-none-eabi/lib/thumb/v7e-m+fp/hard\libc_nano.a
LOAD D:/STM32CubeIDE_1.19.0/STM32CubeIDE/plugins/com.st.stm32cube.ide.mcu.externaltools.gnu-tools-for-stm32.13.3.rel1.win32_1.0.0.202411081344/tools/bin/../lib/gcc/arm-none-eabi/13.3.1/../../../../arm-none-eabi/lib/thumb/v7e-m+fp/hard\libm.a
END GROUP
START GROUP
LOAD D:/STM32CubeIDE_1.19.0/STM32CubeIDE/plugins/com.st.stm32cube.ide.mcu.externaltools.gnu-tools-for-stm32.13.3.rel1.win32_1.0.0.202411081344/tools/bin/../lib/gcc/arm-none-eabi/13.3.1/thumb/v7e-m+fp/hard\libgcc.a
LOAD D:/STM32CubeIDE_1.19.0/STM32CubeIDE/plugins/com.st.stm32cube.ide.mcu.externaltools.gnu-tools-for-stm32.13.3.rel1.win32_1.0.0.202411081344/tools/bin/../lib/gcc/arm-none-eabi/13.3.1/../../../../arm-none-eabi/lib/thumb/v7e-m+fp/hard\libc_nano.a
END GROUP
START GROUP
LOAD D:/STM32CubeIDE_1.19.0/STM32CubeIDE/plugins/com.st.stm32cube.ide.mcu.externaltools.gnu-tools-for-stm32.13.3.rel1.win32_1.0.0.202411081344/tools/bin/../lib/gcc/arm-none-eabi/13.3.1/thumb/v7e-m+fp/hard\libgcc.a
LOAD D:/STM32CubeIDE_1.19.0/STM32CubeIDE/plugins/com.st.stm32cube.ide.mcu.externaltools.gnu-tools-for-stm32.13.3.rel1.win32_1.0.0.202411081344/tools/bin/../lib/gcc/arm-none-eabi/13.3.1/../../../../arm-none-eabi/lib/thumb/v7e-m+fp/hard\libc_nano.a
LOAD D:/STM32CubeIDE_1.19.0/STM32CubeIDE/plugins/com.st.stm32cube.ide.mcu.externaltools.gnu-tools-for-stm32.13.3.rel1.win32_1.0.0.202411081344/tools/bin/../lib/gcc/arm-none-eabi/13.3.1/../../../../arm-none-eabi/lib/thumb/v7e-m+fp/hard\libnosys.a
END GROUP
START GROUP
LOAD D:/STM32CubeIDE_1.19.0/STM32CubeIDE/plugins/com.st.stm32cube.ide.mcu.externaltools.gnu-tools-for-stm32.13.3.rel1.win32_1.0.0.202411081344/tools/bin/../lib/gcc/arm-none-eabi/13.3.1/thumb/v7e-m+fp/hard\libgcc.a
LOAD D:/STM32CubeIDE_1.19.0/STM32CubeIDE/plugins/com.st.stm32cube.ide.mcu.externaltools.gnu-tools-for-stm32.13.3.rel1.win32_1.0.0.202411081344/tools/bin/../lib/gcc/arm-none-eabi/13.3.1/../../../../arm-none-eabi/lib/thumb/v7e-m+fp/hard\libc_nano.a
LOAD D:/STM32CubeIDE_1.19.0/STM32CubeIDE/plugins/com.st.stm32cube.ide.mcu.externaltools.gnu-tools-for-stm32.13.3.rel1.win32_1.0.0.202411081344/tools/bin/../lib/gcc/arm-none-eabi/13.3.1/../../../../arm-none-eabi/lib/thumb/v7e-m+fp/hard\libnosys.a
END GROUP
LOAD D:/STM32CubeIDE_1.19.0/STM32CubeIDE/plugins/com.st.stm32cube.ide.mcu.externaltools.gnu-tools-for-stm32.13.3.rel1.win32_1.0.0.202411081344/tools/bin/../lib/gcc/arm-none-eabi/13.3.1/thumb/v7e-m+fp/hard/crtend.o
LOAD D:/STM32CubeIDE_1.19.0/STM32CubeIDE/plugins/com.st.stm32cube.ide.mcu.externaltools.gnu-tools-for-stm32.13.3.rel1.win32_1.0.0.202411081344/tools/bin/../lib/gcc/arm-none-eabi/13.3.1/thumb/v7e-m+fp/hard/crtn.o
                0x20020000                        _estack = (ORIGIN (RAM) + LENGTH (RAM))
                0x00000200                        _Min_Heap_Size = 0x200
                0x00000400                        _Min_Stack_Size = 0x400

.isr_vector     0x08000000      0x188
                0x08000000                        . = ALIGN (0x4)
 *(.isr_vector)
 .isr_vector    0x08000000      0x188 ./Core/Startup/startup_stm32f407vgtx.o
                0x08000000                g_pfnVectors
                0x08000188                        . = ALIGN (0x4)

.text           0x08000190    0x12a7c
                0x08000190                        . = ALIGN (0x4)
 *(.text)
 .text          0x08000190       0x40 D:/STM32CubeIDE_1.19.0/STM32CubeIDE/plugins/com.st.stm32cube.ide.mcu.externaltools.gnu-tools-for-stm32.13.3.rel1.win32_1.0.0.202411081344/tools/bin/../lib/gcc/arm-none-eabi/13.3.1/thumb/v7e-m+fp/hard/crtbegin.o
 .text          0x080001d0       0x10 D:/STM32CubeIDE_1.19.0/STM32CubeIDE/plugins/com.st.stm32cube.ide.mcu.externaltools.gnu-tools-for-stm32.13.3.rel1.win32_1.0.0.202411081344/tools/bin/../lib/gcc/arm-none-eabi/13.3.1/../../../../arm-none-eabi/lib/thumb/v7e-m+fp/hard\libc_nano.a(libc_a-strlen.o)
                0x080001d0                strlen
 .text          0x080001e0       0xa0 D:/STM32CubeIDE_1.19.0/STM32CubeIDE/plugins/com.st.stm32cube.ide.mcu.externaltools.gnu-tools-for-stm32.13.3.rel1.win32_1.0.0.202411081344/tools/bin/../lib/gcc/arm-none-eabi/13.3.1/../../../../arm-none-eabi/lib/thumb/v7e-m+fp/hard\libc_nano.a(libc_a-memchr.o)
                0x080001e0                memchr
 .text          0x08000280      0x378 D:/STM32CubeIDE_1.19.0/STM32CubeIDE/plugins/com.st.stm32cube.ide.mcu.externaltools.gnu-tools-for-stm32.13.3.rel1.win32_1.0.0.202411081344/tools/bin/../lib/gcc/arm-none-eabi/13.3.1/thumb/v7e-m+fp/hard\libgcc.a(_arm_addsubdf3.o)
                0x08000280                __aeabi_drsub
                0x08000288                __aeabi_dsub
                0x08000288                __subdf3
                0x0800028c                __aeabi_dadd
                0x0800028c                __adddf3
                0x08000504                __floatunsidf
                0x08000504                __aeabi_ui2d
                0x08000524                __floatsidf
                0x08000524                __aeabi_i2d
                0x08000548                __aeabi_f2d
                0x08000548                __extendsfdf2
                0x0800058c                __floatundidf
                0x0800058c                __aeabi_ul2d
                0x0800059c                __floatdidf
                0x0800059c                __aeabi_l2d
 .text          0x080005f8      0x424 D:/STM32CubeIDE_1.19.0/STM32CubeIDE/plugins/com.st.stm32cube.ide.mcu.externaltools.gnu-tools-for-stm32.13.3.rel1.win32_1.0.0.202411081344/tools/bin/../lib/gcc/arm-none-eabi/13.3.1/thumb/v7e-m+fp/hard\libgcc.a(_arm_muldivdf3.o)
                0x080005f8                __aeabi_dmul
                0x080005f8                __muldf3
                0x0800084c                __divdf3
                0x0800084c                __aeabi_ddiv
 .text          0x08000a1c      0x110 D:/STM32CubeIDE_1.19.0/STM32CubeIDE/plugins/com.st.stm32cube.ide.mcu.externaltools.gnu-tools-for-stm32.13.3.rel1.win32_1.0.0.202411081344/tools/bin/../lib/gcc/arm-none-eabi/13.3.1/thumb/v7e-m+fp/hard\libgcc.a(_arm_cmpdf2.o)
                0x08000a1c                __gtdf2
                0x08000a1c                __gedf2
                0x08000a24                __ltdf2
                0x08000a24                __ledf2
                0x08000a2c                __nedf2
                0x08000a2c                __eqdf2
                0x08000a2c                __cmpdf2
                0x08000aa8                __aeabi_cdrcmple
                0x08000ab8                __aeabi_cdcmpeq
                0x08000ab8                __aeabi_cdcmple
                0x08000ac8                __aeabi_dcmpeq
                0x08000adc                __aeabi_dcmplt
                0x08000af0                __aeabi_dcmple
                0x08000b04                __aeabi_dcmpge
                0x08000b18                __aeabi_dcmpgt
 .text          0x08000b2c       0x2c D:/STM32CubeIDE_1.19.0/STM32CubeIDE/plugins/com.st.stm32cube.ide.mcu.externaltools.gnu-tools-for-stm32.13.3.rel1.win32_1.0.0.202411081344/tools/bin/../lib/gcc/arm-none-eabi/13.3.1/thumb/v7e-m+fp/hard\libgcc.a(_arm_unorddf2.o)
                0x08000b2c                __unorddf2
                0x08000b2c                __aeabi_dcmpun
 .text          0x08000b58       0x40 D:/STM32CubeIDE_1.19.0/STM32CubeIDE/plugins/com.st.stm32cube.ide.mcu.externaltools.gnu-tools-for-stm32.13.3.rel1.win32_1.0.0.202411081344/tools/bin/../lib/gcc/arm-none-eabi/13.3.1/thumb/v7e-m+fp/hard\libgcc.a(_arm_fixunsdfsi.o)
                0x08000b58                __aeabi_d2uiz
                0x08000b58                __fixunsdfsi
 .text          0x08000b98       0xa0 D:/STM32CubeIDE_1.19.0/STM32CubeIDE/plugins/com.st.stm32cube.ide.mcu.externaltools.gnu-tools-for-stm32.13.3.rel1.win32_1.0.0.202411081344/tools/bin/../lib/gcc/arm-none-eabi/13.3.1/thumb/v7e-m+fp/hard\libgcc.a(_arm_truncdfsf2.o)
                0x08000b98                __truncdfsf2
                0x08000b98                __aeabi_d2f
 .text          0x08000c38       0x30 D:/STM32CubeIDE_1.19.0/STM32CubeIDE/plugins/com.st.stm32cube.ide.mcu.externaltools.gnu-tools-for-stm32.13.3.rel1.win32_1.0.0.202411081344/tools/bin/../lib/gcc/arm-none-eabi/13.3.1/thumb/v7e-m+fp/hard\libgcc.a(_aeabi_uldivmod.o)
                0x08000c38                __aeabi_uldivmod
 .text          0x08000c68       0x30 D:/STM32CubeIDE_1.19.0/STM32CubeIDE/plugins/com.st.stm32cube.ide.mcu.externaltools.gnu-tools-for-stm32.13.3.rel1.win32_1.0.0.202411081344/tools/bin/../lib/gcc/arm-none-eabi/13.3.1/thumb/v7e-m+fp/hard\libgcc.a(_fixdfdi.o)
                0x08000c68                __fixdfdi
                0x08000c68                __aeabi_d2lz
 .text          0x08000c98       0x3c D:/STM32CubeIDE_1.19.0/STM32CubeIDE/plugins/com.st.stm32cube.ide.mcu.externaltools.gnu-tools-for-stm32.13.3.rel1.win32_1.0.0.202411081344/tools/bin/../lib/gcc/arm-none-eabi/13.3.1/thumb/v7e-m+fp/hard\libgcc.a(_fixunsdfdi.o)
                0x08000c98                __fixunsdfdi
                0x08000c98                __aeabi_d2ulz
 .text          0x08000cd4      0x2f8 D:/STM32CubeIDE_1.19.0/STM32CubeIDE/plugins/com.st.stm32cube.ide.mcu.externaltools.gnu-tools-for-stm32.13.3.rel1.win32_1.0.0.202411081344/tools/bin/../lib/gcc/arm-none-eabi/13.3.1/thumb/v7e-m+fp/hard\libgcc.a(_udivmoddi4.o)
                0x08000cd4                __udivmoddi4
 .text          0x08000fcc        0x4 D:/STM32CubeIDE_1.19.0/STM32CubeIDE/plugins/com.st.stm32cube.ide.mcu.externaltools.gnu-tools-for-stm32.13.3.rel1.win32_1.0.0.202411081344/tools/bin/../lib/gcc/arm-none-eabi/13.3.1/thumb/v7e-m+fp/hard\libgcc.a(_dvmd_tls.o)
                0x08000fcc                __aeabi_idiv0
                0x08000fcc                __aeabi_ldiv0
 *(.text*)
 .text.MX_ADC1_Init
                0x08000fd0       0xa4 ./Core/Src/adc.o
                0x08000fd0                MX_ADC1_Init
 .text.HAL_ADC_MspInit
                0x08001074       0x88 ./Core/Src/adc.o
                0x08001074                HAL_ADC_MspInit
 .text.rd       0x080010fc       0x3c ./Core/Src/bme280.o
 .text.wr       0x08001138       0x44 ./Core/Src/bme280.o
 .text.U16      0x0800117c       0x2c ./Core/Src/bme280.o
 .text.S16      0x080011a8       0x2a ./Core/Src/bme280.o
 .text.BME280_Init
                0x080011d2      0x1a4 ./Core/Src/bme280.o
                0x080011d2                BME280_Init
 *fill*         0x08001376        0x2 
 .text.BME280_ReadTempHum
                0x08001378      0x200 ./Core/Src/bme280.o
                0x08001378                BME280_ReadTempHum
 .text.Buzzer_Init
                0x08001578       0x14 ./Core/Src/buzzer.o
                0x08001578                Buzzer_Init
 .text.Buzzer_SetFreq
                0x0800158c       0x5c ./Core/Src/buzzer.o
                0x0800158c                Buzzer_SetFreq
 .text.Buzzer_BeepMs
                0x080015e8       0x34 ./Core/Src/buzzer.o
                0x080015e8                Buzzer_BeepMs
 .text.UI_SendEvent
                0x0800161c       0x2c ./Core/Src/encoder.o
 .text.EncoderTask
                0x08001648       0xc0 ./Core/Src/encoder.o
                0x08001648                EncoderTask
 .text.DWT_Init
                0x08001708       0x40 ./Core/Src/esp8266.o
 .text.UART2_SendStr
                0x08001748       0x2c ./Core/Src/esp8266.o
 .text.ESP_AT_WaitEither
                0x08001774      0x210 ./Core/Src/esp8266.o
 .text.ESP_AT_SendWait_Long
                0x08001984       0xc0 ./Core/Src/esp8266.o
 .text.ESP_WiFiJoin
                0x08001a44      0x2b4 ./Core/Src/esp8266.o
                0x08001a44                ESP_WiFiJoin
 .text.ESP_GetNYTime_TXT
                0x08001cf8      0x418 ./Core/Src/esp8266.o
                0x08001cf8                ESP_GetNYTime_TXT
 .text.ESP_NetDiag_Show
                0x08002110      0x260 ./Core/Src/esp8266.o
                0x08002110                ESP_NetDiag_Show
 .text.MX_FREERTOS_Init
                0x08002370       0x8c ./Core/Src/freertos.o
                0x08002370                MX_FREERTOS_Init
 .text.StartDefaultTask
                0x080023fc       0x10 ./Core/Src/freertos.o
                0x080023fc                StartDefaultTask
 .text.AlarmTask
                0x0800240c       0xcc ./Core/Src/freertos.o
                0x0800240c                AlarmTask
 .text.Alarm_OnUserButton
                0x080024d8       0x30 ./Core/Src/freertos.o
                0x080024d8                Alarm_OnUserButton
 .text.MX_GPIO_Init
                0x08002508      0x260 ./Core/Src/gpio.o
                0x08002508                MX_GPIO_Init
 .text.MX_I2C1_Init
                0x08002768       0x5c ./Core/Src/i2c.o
                0x08002768                MX_I2C1_Init
 .text.HAL_I2C_MspInit
                0x080027c4       0x90 ./Core/Src/i2c.o
                0x080027c4                HAL_I2C_MspInit
 .text.clamp_int
                0x08002854       0x32 ./Core/Src/ldr.o
 *fill*         0x08002886        0x2 
 .text.ADC_ReadOnce
                0x08002888       0x34 ./Core/Src/ldr.o
 .text.ADC_ReadAvg
                0x080028bc       0x42 ./Core/Src/ldr.o
 *fill*         0x080028fe        0x2 
 .text.set_contrast_percent
                0x08002900       0x34 ./Core/Src/ldr.o
 .text.apply_brightness
                0x08002934       0x30 ./Core/Src/ldr.o
                0x08002934                apply_brightness
 .text.br_timer_cb
                0x08002964       0xb8 ./Core/Src/ldr.o
 .text.enable_auto_brightness
                0x08002a1c       0x64 ./Core/Src/ldr.o
                0x08002a1c                enable_auto_brightness
 .text.save_brightness
                0x08002a80       0x38 ./Core/Src/ldr.o
                0x08002a80                save_brightness
 .text.Brightness_Init
                0x08002ab8        0xe ./Core/Src/ldr.o
                0x08002ab8                Brightness_Init
 *fill*         0x08002ac6        0x2 
 .text.main     0x08002ac8       0xd0 ./Core/Src/main.o
                0x08002ac8                main
 .text.SystemClock_Config
                0x08002b98       0xd4 ./Core/Src/main.o
                0x08002b98                SystemClock_Config
 .text.HAL_TIM_PeriodElapsedCallback
                0x08002c6c       0x24 ./Core/Src/main.o
                0x08002c6c                HAL_TIM_PeriodElapsedCallback
 .text.Error_Handler
                0x08002c90        0xc ./Core/Src/main.o
                0x08002c90                Error_Handler
 .text.show_menu
                0x08002c9c      0x1a4 ./Core/Src/menu.o
                0x08002c9c                show_menu
 .text.is_leap  0x08002e40       0x60 ./Core/Src/soft_rtc.o
 .text.days_in_month
                0x08002ea0       0x40 ./Core/Src/soft_rtc.o
 .text.SoftRTC_SetFromISO8601
                0x08002ee0      0x1b4 ./Core/Src/soft_rtc.o
                0x08002ee0                SoftRTC_SetFromISO8601
 .text.SoftRTC_IsValid
                0x08003094       0x18 ./Core/Src/soft_rtc.o
                0x08003094                SoftRTC_IsValid
 .text.SoftRTC_Tick
                0x080030ac      0x1a4 ./Core/Src/soft_rtc.o
                0x080030ac                SoftRTC_Tick
 .text.SoftRTC_Format
                0x08003250       0x88 ./Core/Src/soft_rtc.o
                0x08003250                SoftRTC_Format
 .text.rtc_get_time_hms
                0x080032d8       0x64 ./Core/Src/soft_rtc.o
                0x080032d8                rtc_get_time_hms
 .text.ssd1306_Reset
                0x0800333c        0xe ./Core/Src/ssd1306.o
                0x0800333c                ssd1306_Reset
 *fill*         0x0800334a        0x2 
 .text.ssd1306_WriteCommand
                0x0800334c       0x30 ./Core/Src/ssd1306.o
                0x0800334c                ssd1306_WriteCommand
 .text.ssd1306_WriteData
                0x0800337c       0x34 ./Core/Src/ssd1306.o
                0x0800337c                ssd1306_WriteData
 .text.ssd1306_Init
                0x080033b0       0xd4 ./Core/Src/ssd1306.o
                0x080033b0                ssd1306_Init
 .text.ssd1306_Fill
                0x08003484       0x30 ./Core/Src/ssd1306.o
                0x08003484                ssd1306_Fill
 .text.ssd1306_UpdateScreen
                0x080034b4       0x50 ./Core/Src/ssd1306.o
                0x080034b4                ssd1306_UpdateScreen
 .text.ssd1306_DrawPixel
                0x08003504       0xa8 ./Core/Src/ssd1306.o
                0x08003504                ssd1306_DrawPixel
 .text.ssd1306_WriteChar
                0x080035ac      0x124 ./Core/Src/ssd1306.o
                0x080035ac                ssd1306_WriteChar
 .text.ssd1306_WriteString
                0x080036d0       0x4c ./Core/Src/ssd1306.o
                0x080036d0                ssd1306_WriteString
 .text.ssd1306_SetCursor
                0x0800371c       0x30 ./Core/Src/ssd1306.o
                0x0800371c                ssd1306_SetCursor
 .text.ssd1306_SetContrast
                0x0800374c       0x26 ./Core/Src/ssd1306.o
                0x0800374c                ssd1306_SetContrast
 *fill*         0x08003772        0x2 
 .text.ssd1306_SetDisplayOn
                0x08003774       0x3c ./Core/Src/ssd1306.o
                0x08003774                ssd1306_SetDisplayOn
 .text.HAL_MspInit
                0x080037b0       0x58 ./Core/Src/stm32f4xx_hal_msp.o
                0x080037b0                HAL_MspInit
 .text.HAL_InitTick
                0x08003808       0xf8 ./Core/Src/stm32f4xx_hal_timebase_tim.o
                0x08003808                HAL_InitTick
 .text.NMI_Handler
                0x08003900        0x8 ./Core/Src/stm32f4xx_it.o
                0x08003900                NMI_Handler
 .text.HardFault_Handler
                0x08003908        0x8 ./Core/Src/stm32f4xx_it.o
                0x08003908                HardFault_Handler
 .text.MemManage_Handler
                0x08003910        0x8 ./Core/Src/stm32f4xx_it.o
                0x08003910                MemManage_Handler
 .text.BusFault_Handler
                0x08003918        0x8 ./Core/Src/stm32f4xx_it.o
                0x08003918                BusFault_Handler
 .text.UsageFault_Handler
                0x08003920        0x8 ./Core/Src/stm32f4xx_it.o
                0x08003920                UsageFault_Handler
 .text.DebugMon_Handler
                0x08003928        0xe ./Core/Src/stm32f4xx_it.o
                0x08003928                DebugMon_Handler
 *fill*         0x08003936        0x2 
 .text.TIM4_IRQHandler
                0x08003938       0x14 ./Core/Src/stm32f4xx_it.o
                0x08003938                TIM4_IRQHandler
 .text.USART2_IRQHandler
                0x0800394c       0x20 ./Core/Src/stm32f4xx_it.o
                0x0800394c                USART2_IRQHandler
 .text._getpid  0x0800396c       0x10 ./Core/Src/syscalls.o
                0x0800396c                _getpid
 .text._kill    0x0800397c       0x20 ./Core/Src/syscalls.o
                0x0800397c                _kill
 .text._exit    0x0800399c       0x16 ./Core/Src/syscalls.o
                0x0800399c                _exit
 .text._read    0x080039b2       0x3a ./Core/Src/syscalls.o
                0x080039b2                _read
 .text._write   0x080039ec       0x38 ./Core/Src/syscalls.o
                0x080039ec                _write
 .text._close   0x08003a24       0x18 ./Core/Src/syscalls.o
                0x08003a24                _close
 .text._fstat   0x08003a3c       0x20 ./Core/Src/syscalls.o
                0x08003a3c                _fstat
 .text._isatty  0x08003a5c       0x16 ./Core/Src/syscalls.o
                0x08003a5c                _isatty
 .text._lseek   0x08003a72       0x1a ./Core/Src/syscalls.o
                0x08003a72                _lseek
 .text._sbrk    0x08003a8c       0x6c ./Core/Src/sysmem.o
                0x08003a8c                _sbrk
 .text.SystemInit
                0x08003af8       0x24 ./Core/Src/system_stm32f4xx.o
                0x08003af8                SystemInit
 .text.MX_TIM2_Init
                0x08003b1c       0xec ./Core/Src/tim.o
                0x08003b1c                MX_TIM2_Init
 .text.HAL_TIM_Base_MspInit
                0x08003c08       0x40 ./Core/Src/tim.o
                0x08003c08                HAL_TIM_Base_MspInit
 .text.HAL_TIM_MspPostInit
                0x08003c48       0x70 ./Core/Src/tim.o
                0x08003c48                HAL_TIM_MspPostInit
 .text.clamp_int
                0x08003cb8       0x32 ./Core/Src/ui_task.o
 *fill*         0x08003cea        0x2 
 .text.ui_time_render
                0x08003cec      0x108 ./Core/Src/ui_task.o
 .text.ui_time_on_enter
                0x08003df4       0x24 ./Core/Src/ui_task.o
 .text.ui_time_tick
                0x08003e18       0x58 ./Core/Src/ui_task.o
 .text.ui_weather_on_enter
                0x08003e70       0x94 ./Core/Src/ui_task.o
 .text.ui_weather_tick
                0x08003f04      0x210 ./Core/Src/ui_task.o
 .text.sw_now_elapsed_ms
                0x08004114       0x3c ./Core/Src/ui_task.o
 .text.sw_format_time
                0x08004150       0x88 ./Core/Src/ui_task.o
 .text.ui_stopwatch_render
                0x080041d8      0x13c ./Core/Src/ui_task.o
 .text.ui_stopwatch_on_enter
                0x08004314       0x4c ./Core/Src/ui_task.o
 .text.ui_stopwatch_tick
                0x08004360       0x30 ./Core/Src/ui_task.o
 .text.alarm_lock
                0x08004390       0x24 ./Core/Src/ui_task.o
 .text.alarm_unlock
                0x080043b4       0x20 ./Core/Src/ui_task.o
 .text.alarm_count
                0x080043d4       0x24 ./Core/Src/ui_task.o
 .text.alarm_get
                0x080043f8       0x54 ./Core/Src/ui_task.o
 .text.alarm_compact_nolock
                0x0800444c       0x80 ./Core/Src/ui_task.o
 .text.alarm_delete_index
                0x080044cc       0x54 ./Core/Src/ui_task.o
                0x080044cc                alarm_delete_index
 .text.alarm_add
                0x08004520       0x7c ./Core/Src/ui_task.o
 .text.alarm_find_due
                0x0800459c       0x8c ./Core/Src/ui_task.o
                0x0800459c                alarm_find_due
 .text.fmt_hhmmss
                0x08004628       0x38 ./Core/Src/ui_task.o
 .text.ui_alarm_render_menu
                0x08004660       0xe0 ./Core/Src/ui_task.o
 .text.ui_alarm_render_list
                0x08004740      0x168 ./Core/Src/ui_task.o
 .text.ui_alarm_render_item_menu
                0x080048a8      0x104 ./Core/Src/ui_task.o
 .text.ui_alarm_render_set
                0x080049ac      0x158 ./Core/Src/ui_task.o
 .text.ui_alarm_render_created_toast
                0x08004b04       0x34 ./Core/Src/ui_task.o
 .text.ui_alarm_on_enter
                0x08004b38       0x88 ./Core/Src/ui_task.o
 .text.ui_alarm_tick
                0x08004bc0       0x64 ./Core/Src/ui_task.o
 .text.ui_alarm_popup_render
                0x08004c24       0xa8 ./Core/Src/ui_task.o
 .text.UI_AlarmPopupBegin
                0x08004ccc       0x5c ./Core/Src/ui_task.o
                0x08004ccc                UI_AlarmPopupBegin
 .text.UI_AlarmPopupEnd
                0x08004d28       0x78 ./Core/Src/ui_task.o
                0x08004d28                UI_AlarmPopupEnd
 .text.ui_alarm_popup_tick
                0x08004da0       0x54 ./Core/Src/ui_task.o
 .text.ui_init  0x08004df4       0x60 ./Core/Src/ui_task.o
                0x08004df4                ui_init
 .text.UITask   0x08004e54      0x94c ./Core/Src/ui_task.o
                0x08004e54                UITask
 .text.MX_USART2_UART_Init
                0x080057a0       0x54 ./Core/Src/usart.o
                0x080057a0                MX_USART2_UART_Init
 .text.HAL_UART_MspInit
                0x080057f4       0xa0 ./Core/Src/usart.o
                0x080057f4                HAL_UART_MspInit
 .text.Reset_Handler
                0x08005894       0x50 ./Core/Startup/startup_stm32f407vgtx.o
                0x08005894                Reset_Handler
 .text.Default_Handler
                0x080058e4        0x2 ./Core/Startup/startup_stm32f407vgtx.o
                0x080058e4                RTC_Alarm_IRQHandler
                0x080058e4                HASH_RNG_IRQHandler
                0x080058e4                EXTI2_IRQHandler
                0x080058e4                TIM8_CC_IRQHandler
                0x080058e4                TIM1_CC_IRQHandler
                0x080058e4                DMA2_Stream5_IRQHandler
                0x080058e4                DMA1_Stream5_IRQHandler
                0x080058e4                PVD_IRQHandler
                0x080058e4                SDIO_IRQHandler
                0x080058e4                TAMP_STAMP_IRQHandler
                0x080058e4                CAN2_RX1_IRQHandler
                0x080058e4                EXTI3_IRQHandler
                0x080058e4                TIM8_TRG_COM_TIM14_IRQHandler
                0x080058e4                TIM1_UP_TIM10_IRQHandler
                0x080058e4                TIM8_UP_TIM13_IRQHandler
                0x080058e4                I2C3_ER_IRQHandler
                0x080058e4                EXTI0_IRQHandler
                0x080058e4                I2C2_EV_IRQHandler
                0x080058e4                DMA1_Stream2_IRQHandler
                0x080058e4                CAN1_RX0_IRQHandler
                0x080058e4                FPU_IRQHandler
                0x080058e4                OTG_HS_WKUP_IRQHandler
                0x080058e4                CAN2_SCE_IRQHandler
                0x080058e4                DMA2_Stream2_IRQHandler
                0x080058e4                SPI1_IRQHandler
                0x080058e4                TIM6_DAC_IRQHandler
                0x080058e4                TIM1_BRK_TIM9_IRQHandler
                0x080058e4                DCMI_IRQHandler
                0x080058e4                CAN2_RX0_IRQHandler
                0x080058e4                DMA2_Stream3_IRQHandler
                0x080058e4                USART6_IRQHandler
                0x080058e4                USART3_IRQHandler
                0x080058e4                CAN1_RX1_IRQHandler
                0x080058e4                UART5_IRQHandler
                0x080058e4                DMA2_Stream0_IRQHandler
                0x080058e4                I2C1_EV_IRQHandler
                0x080058e4                DMA1_Stream6_IRQHandler
                0x080058e4                DMA1_Stream1_IRQHandler
                0x080058e4                UART4_IRQHandler
                0x080058e4                TIM3_IRQHandler
                0x080058e4                RCC_IRQHandler
                0x080058e4                TIM8_BRK_TIM12_IRQHandler
                0x080058e4                Default_Handler
                0x080058e4                EXTI15_10_IRQHandler
                0x080058e4                ADC_IRQHandler
                0x080058e4                DMA1_Stream7_IRQHandler
                0x080058e4                TIM7_IRQHandler
                0x080058e4                CAN2_TX_IRQHandler
                0x080058e4                TIM5_IRQHandler
                0x080058e4                DMA2_Stream7_IRQHandler
                0x080058e4                I2C3_EV_IRQHandler
                0x080058e4                EXTI9_5_IRQHandler
                0x080058e4                RTC_WKUP_IRQHandler
                0x080058e4                ETH_WKUP_IRQHandler
                0x080058e4                SPI2_IRQHandler
                0x080058e4                OTG_HS_EP1_IN_IRQHandler
                0x080058e4                DMA1_Stream0_IRQHandler
                0x080058e4                CAN1_TX_IRQHandler
                0x080058e4                EXTI4_IRQHandler
                0x080058e4                FSMC_IRQHandler
                0x080058e4                ETH_IRQHandler
                0x080058e4                OTG_HS_EP1_OUT_IRQHandler
                0x080058e4                WWDG_IRQHandler
                0x080058e4                TIM2_IRQHandler
                0x080058e4                OTG_FS_WKUP_IRQHandler
                0x080058e4                TIM1_TRG_COM_TIM11_IRQHandler
                0x080058e4                OTG_HS_IRQHandler
                0x080058e4                EXTI1_IRQHandler
                0x080058e4                I2C2_ER_IRQHandler
                0x080058e4                DMA2_Stream1_IRQHandler
                0x080058e4                CAN1_SCE_IRQHandler
                0x080058e4                FLASH_IRQHandler
                0x080058e4                DMA2_Stream4_IRQHandler
                0x080058e4                USART1_IRQHandler
                0x080058e4                OTG_FS_IRQHandler
                0x080058e4                SPI3_IRQHandler
                0x080058e4                DMA1_Stream4_IRQHandler
                0x080058e4                I2C1_ER_IRQHandler
                0x080058e4                DMA2_Stream6_IRQHandler
                0x080058e4                DMA1_Stream3_IRQHandler
 *fill*         0x080058e6        0x2 
 .text.HAL_Init
                0x080058e8       0x44 ./Drivers/STM32F4xx_HAL_Driver/Src/stm32f4xx_hal.o
                0x080058e8                HAL_Init
 .text.HAL_IncTick
                0x0800592c       0x28 ./Drivers/STM32F4xx_HAL_Driver/Src/stm32f4xx_hal.o
                0x0800592c                HAL_IncTick
 .text.HAL_GetTick
                0x08005954       0x18 ./Drivers/STM32F4xx_HAL_Driver/Src/stm32f4xx_hal.o
                0x08005954                HAL_GetTick
 .text.HAL_Delay
                0x0800596c       0x48 ./Drivers/STM32F4xx_HAL_Driver/Src/stm32f4xx_hal.o
                0x0800596c                HAL_Delay
 .text.HAL_ADC_Init
                0x080059b4       0x86 ./Drivers/STM32F4xx_HAL_Driver/Src/stm32f4xx_hal_adc.o
                0x080059b4                HAL_ADC_Init
 *fill*         0x08005a3a        0x2 
 .text.HAL_ADC_Start
                0x08005a3c      0x1a4 ./Drivers/STM32F4xx_HAL_Driver/Src/stm32f4xx_hal_adc.o
                0x08005a3c                HAL_ADC_Start
 .text.HAL_ADC_Stop
                0x08005be0       0x66 ./Drivers/STM32F4xx_HAL_Driver/Src/stm32f4xx_hal_adc.o
                0x08005be0                HAL_ADC_Stop
 .text.HAL_ADC_PollForConversion
                0x08005c46      0x116 ./Drivers/STM32F4xx_HAL_Driver/Src/stm32f4xx_hal_adc.o
                0x08005c46                HAL_ADC_PollForConversion
 .text.HAL_ADC_GetValue
                0x08005d5c       0x1a ./Drivers/STM32F4xx_HAL_Driver/Src/stm32f4xx_hal_adc.o
                0x08005d5c                HAL_ADC_GetValue
 *fill*         0x08005d76        0x2 
 .text.HAL_ADC_ConfigChannel
                0x08005d78      0x244 ./Drivers/STM32F4xx_HAL_Driver/Src/stm32f4xx_hal_adc.o
                0x08005d78                HAL_ADC_ConfigChannel
 .text.ADC_Init
                0x08005fbc      0x1f8 ./Drivers/STM32F4xx_HAL_Driver/Src/stm32f4xx_hal_adc.o
 .text.__NVIC_SetPriorityGrouping
                0x080061b4       0x48 ./Drivers/STM32F4xx_HAL_Driver/Src/stm32f4xx_hal_cortex.o
 .text.__NVIC_GetPriorityGrouping
                0x080061fc       0x1c ./Drivers/STM32F4xx_HAL_Driver/Src/stm32f4xx_hal_cortex.o
 .text.__NVIC_EnableIRQ
                0x08006218       0x3c ./Drivers/STM32F4xx_HAL_Driver/Src/stm32f4xx_hal_cortex.o
 .text.__NVIC_SetPriority
                0x08006254       0x54 ./Drivers/STM32F4xx_HAL_Driver/Src/stm32f4xx_hal_cortex.o
 .text.NVIC_EncodePriority
                0x080062a8       0x66 ./Drivers/STM32F4xx_HAL_Driver/Src/stm32f4xx_hal_cortex.o
 .text.HAL_NVIC_SetPriorityGrouping
                0x0800630e       0x16 ./Drivers/STM32F4xx_HAL_Driver/Src/stm32f4xx_hal_cortex.o
                0x0800630e                HAL_NVIC_SetPriorityGrouping
 .text.HAL_NVIC_SetPriority
                0x08006324       0x38 ./Drivers/STM32F4xx_HAL_Driver/Src/stm32f4xx_hal_cortex.o
                0x08006324                HAL_NVIC_SetPriority
 .text.HAL_NVIC_EnableIRQ
                0x0800635c       0x1c ./Drivers/STM32F4xx_HAL_Driver/Src/stm32f4xx_hal_cortex.o
                0x0800635c                HAL_NVIC_EnableIRQ
 .text.HAL_DMA_Abort
                0x08006378       0xe0 ./Drivers/STM32F4xx_HAL_Driver/Src/stm32f4xx_hal_dma.o
                0x08006378                HAL_DMA_Abort
 .text.HAL_DMA_Abort_IT
                0x08006458       0x44 ./Drivers/STM32F4xx_HAL_Driver/Src/stm32f4xx_hal_dma.o
                0x08006458                HAL_DMA_Abort_IT
 .text.HAL_GPIO_Init
                0x0800649c      0x338 ./Drivers/STM32F4xx_HAL_Driver/Src/stm32f4xx_hal_gpio.o
                0x0800649c                HAL_GPIO_Init
 .text.HAL_GPIO_ReadPin
                0x080067d4       0x30 ./Drivers/STM32F4xx_HAL_Driver/Src/stm32f4xx_hal_gpio.o
                0x080067d4                HAL_GPIO_ReadPin
 .text.HAL_GPIO_WritePin
                0x08006804       0x32 ./Drivers/STM32F4xx_HAL_Driver/Src/stm32f4xx_hal_gpio.o
                0x08006804                HAL_GPIO_WritePin
 *fill*         0x08006836        0x2 
 .text.HAL_I2C_Init
                0x08006838      0x288 ./Drivers/STM32F4xx_HAL_Driver/Src/stm32f4xx_hal_i2c.o
                0x08006838                HAL_I2C_Init
 .text.HAL_I2C_Mem_Write
                0x08006ac0      0x1f4 ./Drivers/STM32F4xx_HAL_Driver/Src/stm32f4xx_hal_i2c.o
                0x08006ac0                HAL_I2C_Mem_Write
 .text.HAL_I2C_Mem_Read
                0x08006cb4      0x464 ./Drivers/STM32F4xx_HAL_Driver/Src/stm32f4xx_hal_i2c.o
                0x08006cb4                HAL_I2C_Mem_Read
 .text.I2C_RequestMemoryWrite
                0x08007118      0x12c ./Drivers/STM32F4xx_HAL_Driver/Src/stm32f4xx_hal_i2c.o
 .text.I2C_RequestMemoryRead
                0x08007244      0x1d0 ./Drivers/STM32F4xx_HAL_Driver/Src/stm32f4xx_hal_i2c.o
 .text.I2C_WaitOnFlagUntilTimeout
                0x08007414       0xf4 ./Drivers/STM32F4xx_HAL_Driver/Src/stm32f4xx_hal_i2c.o
 .text.I2C_WaitOnMasterAddressFlagUntilTimeout
                0x08007508      0x140 ./Drivers/STM32F4xx_HAL_Driver/Src/stm32f4xx_hal_i2c.o
 .text.I2C_WaitOnTXEFlagUntilTimeout
                0x08007648       0x90 ./Drivers/STM32F4xx_HAL_Driver/Src/stm32f4xx_hal_i2c.o
 .text.I2C_WaitOnBTFFlagUntilTimeout
                0x080076d8       0x90 ./Drivers/STM32F4xx_HAL_Driver/Src/stm32f4xx_hal_i2c.o
 .text.I2C_WaitOnRXNEFlagUntilTimeout
                0x08007768       0xba ./Drivers/STM32F4xx_HAL_Driver/Src/stm32f4xx_hal_i2c.o
 .text.I2C_IsAcknowledgeFailed
                0x08007822       0x5e ./Drivers/STM32F4xx_HAL_Driver/Src/stm32f4xx_hal_i2c.o
 .text.HAL_RCC_OscConfig
                0x08007880      0x4f0 ./Drivers/STM32F4xx_HAL_Driver/Src/stm32f4xx_hal_rcc.o
                0x08007880                HAL_RCC_OscConfig
 .text.HAL_RCC_ClockConfig
                0x08007d70      0x1cc ./Drivers/STM32F4xx_HAL_Driver/Src/stm32f4xx_hal_rcc.o
                0x08007d70                HAL_RCC_ClockConfig
 .text.HAL_RCC_GetSysClockFreq
                0x08007f3c      0x20c ./Drivers/STM32F4xx_HAL_Driver/Src/stm32f4xx_hal_rcc.o
                0x08007f3c                HAL_RCC_GetSysClockFreq
 .text.HAL_RCC_GetHCLKFreq
                0x08008148       0x18 ./Drivers/STM32F4xx_HAL_Driver/Src/stm32f4xx_hal_rcc.o
                0x08008148                HAL_RCC_GetHCLKFreq
 .text.HAL_RCC_GetPCLK1Freq
                0x08008160       0x28 ./Drivers/STM32F4xx_HAL_Driver/Src/stm32f4xx_hal_rcc.o
                0x08008160                HAL_RCC_GetPCLK1Freq
 .text.HAL_RCC_GetPCLK2Freq
                0x08008188       0x28 ./Drivers/STM32F4xx_HAL_Driver/Src/stm32f4xx_hal_rcc.o
                0x08008188                HAL_RCC_GetPCLK2Freq
 .text.HAL_RCC_GetClockConfig
                0x080081b0       0x64 ./Drivers/STM32F4xx_HAL_Driver/Src/stm32f4xx_hal_rcc.o
                0x080081b0                HAL_RCC_GetClockConfig
 .text.HAL_TIM_Base_Init
                0x08008214       0x9e ./Drivers/STM32F4xx_HAL_Driver/Src/stm32f4xx_hal_tim.o
                0x08008214                HAL_TIM_Base_Init
 *fill*         0x080082b2        0x2 
 .text.HAL_TIM_Base_Start_IT
                0x080082b4       0xe0 ./Drivers/STM32F4xx_HAL_Driver/Src/stm32f4xx_hal_tim.o
                0x080082b4                HAL_TIM_Base_Start_IT
 .text.HAL_TIM_PWM_Init
                0x08008394       0x9e ./Drivers/STM32F4xx_HAL_Driver/Src/stm32f4xx_hal_tim.o
                0x08008394                HAL_TIM_PWM_Init
 .text.HAL_TIM_PWM_MspInit
                0x08008432       0x14 ./Drivers/STM32F4xx_HAL_Driver/Src/stm32f4xx_hal_tim.o
                0x08008432                HAL_TIM_PWM_MspInit
 *fill*         0x08008446        0x2 
 .text.HAL_TIM_PWM_Start
                0x08008448      0x190 ./Drivers/STM32F4xx_HAL_Driver/Src/stm32f4xx_hal_tim.o
                0x08008448                HAL_TIM_PWM_Start
 .text.HAL_TIM_PWM_Stop
                0x080085d8       0xe0 ./Drivers/STM32F4xx_HAL_Driver/Src/stm32f4xx_hal_tim.o
                0x080085d8                HAL_TIM_PWM_Stop
 .text.HAL_TIM_IRQHandler
                0x080086b8      0x1e0 ./Drivers/STM32F4xx_HAL_Driver/Src/stm32f4xx_hal_tim.o
                0x080086b8                HAL_TIM_IRQHandler
 .text.HAL_TIM_PWM_ConfigChannel
                0x08008898      0x184 ./Drivers/STM32F4xx_HAL_Driver/Src/stm32f4xx_hal_tim.o
                0x08008898                HAL_TIM_PWM_ConfigChannel
 .text.HAL_TIM_ConfigClockSource
                0x08008a1c      0x18e ./Drivers/STM32F4xx_HAL_Driver/Src/stm32f4xx_hal_tim.o
                0x08008a1c                HAL_TIM_ConfigClockSource
 .text.HAL_TIM_OC_DelayElapsedCallback
                0x08008baa       0x14 ./Drivers/STM32F4xx_HAL_Driver/Src/stm32f4xx_hal_tim.o
                0x08008baa                HAL_TIM_OC_DelayElapsedCallback
 .text.HAL_TIM_IC_CaptureCallback
                0x08008bbe       0x14 ./Drivers/STM32F4xx_HAL_Driver/Src/stm32f4xx_hal_tim.o
                0x08008bbe                HAL_TIM_IC_CaptureCallback
 .text.HAL_TIM_PWM_PulseFinishedCallback
                0x08008bd2       0x14 ./Drivers/STM32F4xx_HAL_Driver/Src/stm32f4xx_hal_tim.o
                0x08008bd2                HAL_TIM_PWM_PulseFinishedCallback
 .text.HAL_TIM_TriggerCallback
                0x08008be6       0x14 ./Drivers/STM32F4xx_HAL_Driver/Src/stm32f4xx_hal_tim.o
                0x08008be6                HAL_TIM_TriggerCallback
 *fill*         0x08008bfa        0x2 
 .text.TIM_Base_SetConfig
                0x08008bfc      0x14c ./Drivers/STM32F4xx_HAL_Driver/Src/stm32f4xx_hal_tim.o
                0x08008bfc                TIM_Base_SetConfig
 .text.TIM_OC1_SetConfig
                0x08008d48       0xe0 ./Drivers/STM32F4xx_HAL_Driver/Src/stm32f4xx_hal_tim.o
 .text.TIM_OC2_SetConfig
                0x08008e28       0xec ./Drivers/STM32F4xx_HAL_Driver/Src/stm32f4xx_hal_tim.o
                0x08008e28                TIM_OC2_SetConfig
 .text.TIM_OC3_SetConfig
                0x08008f14       0xe8 ./Drivers/STM32F4xx_HAL_Driver/Src/stm32f4xx_hal_tim.o
 .text.TIM_OC4_SetConfig
                0x08008ffc       0xac ./Drivers/STM32F4xx_HAL_Driver/Src/stm32f4xx_hal_tim.o
 .text.TIM_TI1_ConfigInputStage
                0x080090a8       0x5e ./Drivers/STM32F4xx_HAL_Driver/Src/stm32f4xx_hal_tim.o
 .text.TIM_TI2_ConfigInputStage
                0x08009106       0x60 ./Drivers/STM32F4xx_HAL_Driver/Src/stm32f4xx_hal_tim.o
 .text.TIM_ITRx_SetConfig
                0x08009166       0x36 ./Drivers/STM32F4xx_HAL_Driver/Src/stm32f4xx_hal_tim.o
 .text.TIM_ETR_SetConfig
                0x0800919c       0x40 ./Drivers/STM32F4xx_HAL_Driver/Src/stm32f4xx_hal_tim.o
                0x0800919c                TIM_ETR_SetConfig
 .text.TIM_CCxChannelCmd
                0x080091dc       0x4a ./Drivers/STM32F4xx_HAL_Driver/Src/stm32f4xx_hal_tim.o
                0x080091dc                TIM_CCxChannelCmd
 *fill*         0x08009226        0x2 
 .text.HAL_TIMEx_MasterConfigSynchronization
                0x08009228       0xf8 ./Drivers/STM32F4xx_HAL_Driver/Src/stm32f4xx_hal_tim_ex.o
                0x08009228                HAL_TIMEx_MasterConfigSynchronization
 .text.HAL_TIMEx_CommutCallback
                0x08009320       0x14 ./Drivers/STM32F4xx_HAL_Driver/Src/stm32f4xx_hal_tim_ex.o
                0x08009320                HAL_TIMEx_CommutCallback
 .text.HAL_TIMEx_BreakCallback
                0x08009334       0x14 ./Drivers/STM32F4xx_HAL_Driver/Src/stm32f4xx_hal_tim_ex.o
                0x08009334                HAL_TIMEx_BreakCallback
 .text.HAL_UART_Init
                0x08009348       0xa0 ./Drivers/STM32F4xx_HAL_Driver/Src/stm32f4xx_hal_uart.o
                0x08009348                HAL_UART_Init
 .text.HAL_UART_Transmit
                0x080093e8      0x116 ./Drivers/STM32F4xx_HAL_Driver/Src/stm32f4xx_hal_uart.o
                0x080093e8                HAL_UART_Transmit
 .text.HAL_UART_Receive
                0x080094fe      0x12e ./Drivers/STM32F4xx_HAL_Driver/Src/stm32f4xx_hal_uart.o
                0x080094fe                HAL_UART_Receive
 .text.HAL_UART_IRQHandler
                0x0800962c      0x554 ./Drivers/STM32F4xx_HAL_Driver/Src/stm32f4xx_hal_uart.o
                0x0800962c                HAL_UART_IRQHandler
 .text.HAL_UART_TxCpltCallback
                0x08009b80       0x14 ./Drivers/STM32F4xx_HAL_Driver/Src/stm32f4xx_hal_uart.o
                0x08009b80                HAL_UART_TxCpltCallback
 .text.HAL_UART_RxCpltCallback
                0x08009b94       0x14 ./Drivers/STM32F4xx_HAL_Driver/Src/stm32f4xx_hal_uart.o
                0x08009b94                HAL_UART_RxCpltCallback
 .text.HAL_UART_ErrorCallback
                0x08009ba8       0x14 ./Drivers/STM32F4xx_HAL_Driver/Src/stm32f4xx_hal_uart.o
                0x08009ba8                HAL_UART_ErrorCallback
 .text.HAL_UARTEx_RxEventCallback
                0x08009bbc       0x18 ./Drivers/STM32F4xx_HAL_Driver/Src/stm32f4xx_hal_uart.o
                0x08009bbc                HAL_UARTEx_RxEventCallback
 .text.UART_WaitOnFlagUntilTimeout
                0x08009bd4       0xb2 ./Drivers/STM32F4xx_HAL_Driver/Src/stm32f4xx_hal_uart.o
 .text.UART_EndRxTransfer
                0x08009c86       0xc6 ./Drivers/STM32F4xx_HAL_Driver/Src/stm32f4xx_hal_uart.o
 .text.UART_DMAAbortOnError
                0x08009d4c       0x22 ./Drivers/STM32F4xx_HAL_Driver/Src/stm32f4xx_hal_uart.o
 .text.UART_Transmit_IT
                0x08009d6e       0xa0 ./Drivers/STM32F4xx_HAL_Driver/Src/stm32f4xx_hal_uart.o
 .text.UART_EndTransmit_IT
                0x08009e0e       0x30 ./Drivers/STM32F4xx_HAL_Driver/Src/stm32f4xx_hal_uart.o
 .text.UART_Receive_IT
                0x08009e3e      0x17c ./Drivers/STM32F4xx_HAL_Driver/Src/stm32f4xx_hal_uart.o
 *fill*         0x08009fba        0x2 
 .text.UART_SetConfig
                0x08009fbc      0x4e8 ./Drivers/STM32F4xx_HAL_Driver/Src/stm32f4xx_hal_uart.o
 .text.__NVIC_SetPriority
                0x0800a4a4       0x54 ./Middlewares/Third_Party/FreeRTOS/Source/CMSIS_RTOS_V2/cmsis_os2.o
 .text.SysTick_Handler
                0x0800a4f8       0x20 ./Middlewares/Third_Party/FreeRTOS/Source/CMSIS_RTOS_V2/cmsis_os2.o
                0x0800a4f8                SysTick_Handler
 .text.SVC_Setup
                0x0800a518       0x12 ./Middlewares/Third_Party/FreeRTOS/Source/CMSIS_RTOS_V2/cmsis_os2.o
 *fill*         0x0800a52a        0x2 
 .text.osKernelInitialize
                0x0800a52c       0x48 ./Middlewares/Third_Party/FreeRTOS/Source/CMSIS_RTOS_V2/cmsis_os2.o
                0x0800a52c                osKernelInitialize
 .text.osKernelStart
                0x0800a574       0x4c ./Middlewares/Third_Party/FreeRTOS/Source/CMSIS_RTOS_V2/cmsis_os2.o
                0x0800a574                osKernelStart
 .text.osThreadNew
                0x0800a5c0      0x124 ./Middlewares/Third_Party/FreeRTOS/Source/CMSIS_RTOS_V2/cmsis_os2.o
                0x0800a5c0                osThreadNew
 .text.osThreadGetId
                0x0800a6e4       0x16 ./Middlewares/Third_Party/FreeRTOS/Source/CMSIS_RTOS_V2/cmsis_os2.o
                0x0800a6e4                osThreadGetId
 *fill*         0x0800a6fa        0x2 
 .text.osThreadFlagsSet
                0x0800a6fc       0x9c ./Middlewares/Third_Party/FreeRTOS/Source/CMSIS_RTOS_V2/cmsis_os2.o
                0x0800a6fc                osThreadFlagsSet
 .text.osThreadFlagsWait
                0x0800a798      0x102 ./Middlewares/Third_Party/FreeRTOS/Source/CMSIS_RTOS_V2/cmsis_os2.o
                0x0800a798                osThreadFlagsWait
 .text.osDelay  0x0800a89a       0x36 ./Middlewares/Third_Party/FreeRTOS/Source/CMSIS_RTOS_V2/cmsis_os2.o
                0x0800a89a                osDelay
 .text.TimerCallback
                0x0800a8d0       0x2a ./Middlewares/Third_Party/FreeRTOS/Source/CMSIS_RTOS_V2/cmsis_os2.o
 *fill*         0x0800a8fa        0x2 
 .text.osTimerNew
                0x0800a8fc       0xf8 ./Middlewares/Third_Party/FreeRTOS/Source/CMSIS_RTOS_V2/cmsis_os2.o
                0x0800a8fc                osTimerNew
 .text.osTimerStart
                0x0800a9f4       0x5c ./Middlewares/Third_Party/FreeRTOS/Source/CMSIS_RTOS_V2/cmsis_os2.o
                0x0800a9f4                osTimerStart
 .text.osTimerStop
                0x0800aa50       0x6e ./Middlewares/Third_Party/FreeRTOS/Source/CMSIS_RTOS_V2/cmsis_os2.o
                0x0800aa50                osTimerStop
 .text.osMutexNew
                0x0800aabe      0x10c ./Middlewares/Third_Party/FreeRTOS/Source/CMSIS_RTOS_V2/cmsis_os2.o
                0x0800aabe                osMutexNew
 .text.osMutexAcquire
                0x0800abca       0x96 ./Middlewares/Third_Party/FreeRTOS/Source/CMSIS_RTOS_V2/cmsis_os2.o
                0x0800abca                osMutexAcquire
 .text.osMutexRelease
                0x0800ac60       0x7a ./Middlewares/Third_Party/FreeRTOS/Source/CMSIS_RTOS_V2/cmsis_os2.o
                0x0800ac60                osMutexRelease
 .text.osMessageQueueNew
                0x0800acda       0xe6 ./Middlewares/Third_Party/FreeRTOS/Source/CMSIS_RTOS_V2/cmsis_os2.o
                0x0800acda                osMessageQueueNew
 .text.osMessageQueuePut
                0x0800adc0       0xc0 ./Middlewares/Third_Party/FreeRTOS/Source/CMSIS_RTOS_V2/cmsis_os2.o
                0x0800adc0                osMessageQueuePut
 .text.osMessageQueueGet
                0x0800ae80       0xbc ./Middlewares/Third_Party/FreeRTOS/Source/CMSIS_RTOS_V2/cmsis_os2.o
                0x0800ae80                osMessageQueueGet
 .text.vApplicationGetIdleTaskMemory
                0x0800af3c       0x34 ./Middlewares/Third_Party/FreeRTOS/Source/CMSIS_RTOS_V2/cmsis_os2.o
                0x0800af3c                vApplicationGetIdleTaskMemory
 .text.vApplicationGetTimerTaskMemory
                0x0800af70       0x34 ./Middlewares/Third_Party/FreeRTOS/Source/CMSIS_RTOS_V2/cmsis_os2.o
                0x0800af70                vApplicationGetTimerTaskMemory
 .text.vListInitialise
                0x0800afa4       0x40 ./Middlewares/Third_Party/FreeRTOS/Source/list.o
                0x0800afa4                vListInitialise
 .text.vListInitialiseItem
                0x0800afe4       0x1a ./Middlewares/Third_Party/FreeRTOS/Source/list.o
                0x0800afe4                vListInitialiseItem
 .text.vListInsertEnd
                0x0800affe       0x48 ./Middlewares/Third_Party/FreeRTOS/Source/list.o
                0x0800affe                vListInsertEnd
 .text.vListInsert
                0x0800b046       0x72 ./Middlewares/Third_Party/FreeRTOS/Source/list.o
                0x0800b046                vListInsert
 .text.uxListRemove
                0x0800b0b8       0x54 ./Middlewares/Third_Party/FreeRTOS/Source/list.o
                0x0800b0b8                uxListRemove
 .text.xQueueGenericReset
                0x0800b10c       0xd4 ./Middlewares/Third_Party/FreeRTOS/Source/queue.o
                0x0800b10c                xQueueGenericReset
 .text.xQueueGenericCreateStatic
                0x0800b1e0       0xfa ./Middlewares/Third_Party/FreeRTOS/Source/queue.o
                0x0800b1e0                xQueueGenericCreateStatic
 .text.xQueueGenericCreate
                0x0800b2da       0x76 ./Middlewares/Third_Party/FreeRTOS/Source/queue.o
                0x0800b2da                xQueueGenericCreate
 .text.prvInitialiseNewQueue
                0x0800b350       0x46 ./Middlewares/Third_Party/FreeRTOS/Source/queue.o
 .text.prvInitialiseMutex
                0x0800b396       0x34 ./Middlewares/Third_Party/FreeRTOS/Source/queue.o
 .text.xQueueCreateMutex
                0x0800b3ca       0x30 ./Middlewares/Third_Party/FreeRTOS/Source/queue.o
                0x0800b3ca                xQueueCreateMutex
 .text.xQueueCreateMutexStatic
                0x0800b3fa       0x36 ./Middlewares/Third_Party/FreeRTOS/Source/queue.o
                0x0800b3fa                xQueueCreateMutexStatic
 .text.xQueueGiveMutexRecursive
                0x0800b430       0x6a ./Middlewares/Third_Party/FreeRTOS/Source/queue.o
                0x0800b430                xQueueGiveMutexRecursive
 .text.xQueueTakeMutexRecursive
                0x0800b49a       0x6e ./Middlewares/Third_Party/FreeRTOS/Source/queue.o
                0x0800b49a                xQueueTakeMutexRecursive
 .text.xQueueGenericSend
                0x0800b508      0x204 ./Middlewares/Third_Party/FreeRTOS/Source/queue.o
                0x0800b508                xQueueGenericSend
 .text.xQueueGenericSendFromISR
                0x0800b70c      0x13c ./Middlewares/Third_Party/FreeRTOS/Source/queue.o
                0x0800b70c                xQueueGenericSendFromISR
 .text.xQueueReceive
                0x0800b848      0x1c4 ./Middlewares/Third_Party/FreeRTOS/Source/queue.o
                0x0800b848                xQueueReceive
 .text.xQueueSemaphoreTake
                0x0800ba0c      0x220 ./Middlewares/Third_Party/FreeRTOS/Source/queue.o
                0x0800ba0c                xQueueSemaphoreTake
 .text.xQueueReceiveFromISR
                0x0800bc2c      0x104 ./Middlewares/Third_Party/FreeRTOS/Source/queue.o
                0x0800bc2c                xQueueReceiveFromISR
 .text.prvGetDisinheritPriorityAfterTimeout
                0x0800bd30       0x30 ./Middlewares/Third_Party/FreeRTOS/Source/queue.o
 .text.prvCopyDataToQueue
                0x0800bd60       0xd4 ./Middlewares/Third_Party/FreeRTOS/Source/queue.o
 .text.prvCopyDataFromQueue
                0x0800be34       0x4c ./Middlewares/Third_Party/FreeRTOS/Source/queue.o
 .text.prvUnlockQueue
                0x0800be80       0xa4 ./Middlewares/Third_Party/FreeRTOS/Source/queue.o
 .text.prvIsQueueEmpty
                0x0800bf24       0x2c ./Middlewares/Third_Party/FreeRTOS/Source/queue.o
 .text.prvIsQueueFull
                0x0800bf50       0x30 ./Middlewares/Third_Party/FreeRTOS/Source/queue.o
 .text.vQueueAddToRegistry
                0x0800bf80       0x54 ./Middlewares/Third_Party/FreeRTOS/Source/queue.o
                0x0800bf80                vQueueAddToRegistry
 .text.vQueueWaitForMessageRestricted
                0x0800bfd4       0x68 ./Middlewares/Third_Party/FreeRTOS/Source/queue.o
                0x0800bfd4                vQueueWaitForMessageRestricted
 .text.xTaskCreateStatic
                0x0800c03c       0xc0 ./Middlewares/Third_Party/FreeRTOS/Source/tasks.o
                0x0800c03c                xTaskCreateStatic
 .text.xTaskCreate
                0x0800c0fc       0x8a ./Middlewares/Third_Party/FreeRTOS/Source/tasks.o
                0x0800c0fc                xTaskCreate
 *fill*         0x0800c186        0x2 
 .text.prvInitialiseNewTask
                0x0800c188      0x150 ./Middlewares/Third_Party/FreeRTOS/Source/tasks.o
 .text.prvAddNewTaskToReadyList
                0x0800c2d8       0xe0 ./Middlewares/Third_Party/FreeRTOS/Source/tasks.o
 .text.vTaskDelay
                0x0800c3b8       0x6c ./Middlewares/Third_Party/FreeRTOS/Source/tasks.o
                0x0800c3b8                vTaskDelay
 .text.vTaskStartScheduler
                0x0800c424       0xe0 ./Middlewares/Third_Party/FreeRTOS/Source/tasks.o
                0x0800c424                vTaskStartScheduler
 .text.vTaskSuspendAll
                0x0800c504       0x1c ./Middlewares/Third_Party/FreeRTOS/Source/tasks.o
                0x0800c504                vTaskSuspendAll
 .text.xTaskResumeAll
                0x0800c520      0x13c ./Middlewares/Third_Party/FreeRTOS/Source/tasks.o
                0x0800c520                xTaskResumeAll
 .text.xTaskGetTickCount
                0x0800c65c       0x20 ./Middlewares/Third_Party/FreeRTOS/Source/tasks.o
                0x0800c65c                xTaskGetTickCount
 .text.xTaskIncrementTick
                0x0800c67c      0x174 ./Middlewares/Third_Party/FreeRTOS/Source/tasks.o
                0x0800c67c                xTaskIncrementTick
 .text.vTaskSwitchContext
                0x0800c7f0       0xcc ./Middlewares/Third_Party/FreeRTOS/Source/tasks.o
                0x0800c7f0                vTaskSwitchContext
 .text.vTaskPlaceOnEventList
                0x0800c8bc       0x4c ./Middlewares/Third_Party/FreeRTOS/Source/tasks.o
                0x0800c8bc                vTaskPlaceOnEventList
 .text.vTaskPlaceOnEventListRestricted
                0x0800c908       0x58 ./Middlewares/Third_Party/FreeRTOS/Source/tasks.o
                0x0800c908                vTaskPlaceOnEventListRestricted
 .text.xTaskRemoveFromEventList
                0x0800c960       0xc8 ./Middlewares/Third_Party/FreeRTOS/Source/tasks.o
                0x0800c960                xTaskRemoveFromEventList
 .text.vTaskInternalSetTimeOutState
                0x0800ca28       0x2c ./Middlewares/Third_Party/FreeRTOS/Source/tasks.o
                0x0800ca28                vTaskInternalSetTimeOutState
 .text.xTaskCheckForTimeOut
                0x0800ca54       0xc8 ./Middlewares/Third_Party/FreeRTOS/Source/tasks.o
                0x0800ca54                xTaskCheckForTimeOut
 .text.vTaskMissedYield
                0x0800cb1c       0x18 ./Middlewares/Third_Party/FreeRTOS/Source/tasks.o
                0x0800cb1c                vTaskMissedYield
 .text.prvIdleTask
                0x0800cb34       0x30 ./Middlewares/Third_Party/FreeRTOS/Source/tasks.o
 .text.prvInitialiseTaskLists
                0x0800cb64       0x80 ./Middlewares/Third_Party/FreeRTOS/Source/tasks.o
 .text.prvCheckTasksWaitingTermination
                0x0800cbe4       0x5c ./Middlewares/Third_Party/FreeRTOS/Source/tasks.o
 .text.prvDeleteTCB
                0x0800cc40       0x6a ./Middlewares/Third_Party/FreeRTOS/Source/tasks.o
 *fill*         0x0800ccaa        0x2 
 .text.prvResetNextTaskUnblockTime
                0x0800ccac       0x40 ./Middlewares/Third_Party/FreeRTOS/Source/tasks.o
 .text.xTaskGetCurrentTaskHandle
                0x0800ccec       0x20 ./Middlewares/Third_Party/FreeRTOS/Source/tasks.o
                0x0800ccec                xTaskGetCurrentTaskHandle
 .text.xTaskGetSchedulerState
                0x0800cd0c       0x3c ./Middlewares/Third_Party/FreeRTOS/Source/tasks.o
                0x0800cd0c                xTaskGetSchedulerState
 .text.xTaskPriorityInherit
                0x0800cd48       0xd0 ./Middlewares/Third_Party/FreeRTOS/Source/tasks.o
                0x0800cd48                xTaskPriorityInherit
 .text.xTaskPriorityDisinherit
                0x0800ce18       0xe0 ./Middlewares/Third_Party/FreeRTOS/Source/tasks.o
                0x0800ce18                xTaskPriorityDisinherit
 .text.vTaskPriorityDisinheritAfterTimeout
                0x0800cef8      0x108 ./Middlewares/Third_Party/FreeRTOS/Source/tasks.o
                0x0800cef8                vTaskPriorityDisinheritAfterTimeout
 .text.pvTaskIncrementMutexHeldCount
                0x0800d000       0x28 ./Middlewares/Third_Party/FreeRTOS/Source/tasks.o
                0x0800d000                pvTaskIncrementMutexHeldCount
 .text.xTaskNotifyWait
                0x0800d028       0xc0 ./Middlewares/Third_Party/FreeRTOS/Source/tasks.o
                0x0800d028                xTaskNotifyWait
 .text.xTaskGenericNotify
                0x0800d0e8      0x184 ./Middlewares/Third_Party/FreeRTOS/Source/tasks.o
                0x0800d0e8                xTaskGenericNotify
 .text.xTaskGenericNotifyFromISR
                0x0800d26c      0x1cc ./Middlewares/Third_Party/FreeRTOS/Source/tasks.o
                0x0800d26c                xTaskGenericNotifyFromISR
 .text.prvAddCurrentTaskToDelayedList
                0x0800d438       0xa8 ./Middlewares/Third_Party/FreeRTOS/Source/tasks.o
 .text.xTimerCreateTimerTask
                0x0800d4e0       0x94 ./Middlewares/Third_Party/FreeRTOS/Source/timers.o
                0x0800d4e0                xTimerCreateTimerTask
 .text.xTimerCreate
                0x0800d574       0x42 ./Middlewares/Third_Party/FreeRTOS/Source/timers.o
                0x0800d574                xTimerCreate
 .text.xTimerCreateStatic
                0x0800d5b6       0x80 ./Middlewares/Third_Party/FreeRTOS/Source/timers.o
                0x0800d5b6                xTimerCreateStatic
 .text.prvInitialiseNewTimer
                0x0800d636       0x78 ./Middlewares/Third_Party/FreeRTOS/Source/timers.o
 *fill*         0x0800d6ae        0x2 
 .text.xTimerGenericCommand
                0x0800d6b0       0x9c ./Middlewares/Third_Party/FreeRTOS/Source/timers.o
                0x0800d6b0                xTimerGenericCommand
 .text.prvProcessExpiredTimer
                0x0800d74c       0x9c ./Middlewares/Third_Party/FreeRTOS/Source/timers.o
 .text.prvTimerTask
                0x0800d7e8       0x26 ./Middlewares/Third_Party/FreeRTOS/Source/timers.o
 *fill*         0x0800d80e        0x2 
 .text.prvProcessTimerOrBlockTask
                0x0800d810       0x9c ./Middlewares/Third_Party/FreeRTOS/Source/timers.o
 .text.prvGetNextExpireTime
                0x0800d8ac       0x48 ./Middlewares/Third_Party/FreeRTOS/Source/timers.o
 .text.prvSampleTimeNow
                0x0800d8f4       0x40 ./Middlewares/Third_Party/FreeRTOS/Source/timers.o
 .text.prvInsertTimerInActiveList
                0x0800d934       0x84 ./Middlewares/Third_Party/FreeRTOS/Source/timers.o
 .text.prvProcessReceivedCommands
                0x0800d9b8      0x1cc ./Middlewares/Third_Party/FreeRTOS/Source/timers.o
 .text.prvSwitchTimerLists
                0x0800db84       0xcc ./Middlewares/Third_Party/FreeRTOS/Source/timers.o
 .text.prvCheckForValidListAndQueue
                0x0800dc50       0x80 ./Middlewares/Third_Party/FreeRTOS/Source/timers.o
 .text.xTimerIsTimerActive
                0x0800dcd0       0x54 ./Middlewares/Third_Party/FreeRTOS/Source/timers.o
                0x0800dcd0                xTimerIsTimerActive
 .text.pvTimerGetTimerID
                0x0800dd24       0x42 ./Middlewares/Third_Party/FreeRTOS/Source/timers.o
                0x0800dd24                pvTimerGetTimerID
 *fill*         0x0800dd66        0x2 
 .text.pxPortInitialiseStack
                0x0800dd68       0x68 ./Middlewares/Third_Party/FreeRTOS/Source/portable/GCC/ARM_CM4F/port.o
                0x0800dd68                pxPortInitialiseStack
 .text.prvTaskExitError
                0x0800ddd0       0x5c ./Middlewares/Third_Party/FreeRTOS/Source/portable/GCC/ARM_CM4F/port.o
 *fill*         0x0800de2c        0x4 
 .text.SVC_Handler
                0x0800de30       0x28 ./Middlewares/Third_Party/FreeRTOS/Source/portable/GCC/ARM_CM4F/port.o
                0x0800de30                SVC_Handler
 .text.prvPortStartFirstTask
                0x0800de58       0x28 ./Middlewares/Third_Party/FreeRTOS/Source/portable/GCC/ARM_CM4F/port.o
 .text.xPortStartScheduler
                0x0800de80      0x148 ./Middlewares/Third_Party/FreeRTOS/Source/portable/GCC/ARM_CM4F/port.o
                0x0800de80                xPortStartScheduler
 .text.vPortEnterCritical
                0x0800dfc8       0x64 ./Middlewares/Third_Party/FreeRTOS/Source/portable/GCC/ARM_CM4F/port.o
                0x0800dfc8                vPortEnterCritical
 .text.vPortExitCritical
                0x0800e02c       0x54 ./Middlewares/Third_Party/FreeRTOS/Source/portable/GCC/ARM_CM4F/port.o
                0x0800e02c                vPortExitCritical
 .text.PendSV_Handler
                0x0800e080       0x68 ./Middlewares/Third_Party/FreeRTOS/Source/portable/GCC/ARM_CM4F/port.o
                0x0800e080                PendSV_Handler
 .text.xPortSysTickHandler
                0x0800e0e8       0x44 ./Middlewares/Third_Party/FreeRTOS/Source/portable/GCC/ARM_CM4F/port.o
                0x0800e0e8                xPortSysTickHandler
 .text.vPortSetupTimerInterrupt
                0x0800e12c       0x48 ./Middlewares/Third_Party/FreeRTOS/Source/portable/GCC/ARM_CM4F/port.o
                0x0800e12c                vPortSetupTimerInterrupt
 .text.vPortEnableVFP
                0x0800e174       0x14 ./Middlewares/Third_Party/FreeRTOS/Source/portable/GCC/ARM_CM4F/port.o
 .text.vPortValidateInterruptPriority
                0x0800e188       0x84 ./Middlewares/Third_Party/FreeRTOS/Source/portable/GCC/ARM_CM4F/port.o
                0x0800e188                vPortValidateInterruptPriority
 .text.pvPortMalloc
                0x0800e20c      0x19c ./Middlewares/Third_Party/FreeRTOS/Source/portable/MemMang/heap_4.o
                0x0800e20c                pvPortMalloc
 .text.vPortFree
                0x0800e3a8       0xc8 ./Middlewares/Third_Party/FreeRTOS/Source/portable/MemMang/heap_4.o
                0x0800e3a8                vPortFree
 .text.prvHeapInit
                0x0800e470       0xc4 ./Middlewares/Third_Party/FreeRTOS/Source/portable/MemMang/heap_4.o
 .text.prvInsertBlockIntoFreeList
                0x0800e534       0xb4 ./Middlewares/Third_Party/FreeRTOS/Source/portable/MemMang/heap_4.o
 .text.__assert_func
                0x0800e5e8       0x3c D:/STM32CubeIDE_1.19.0/STM32CubeIDE/plugins/com.st.stm32cube.ide.mcu.externaltools.gnu-tools-for-stm32.13.3.rel1.win32_1.0.0.202411081344/tools/bin/../lib/gcc/arm-none-eabi/13.3.1/../../../../arm-none-eabi/lib/thumb/v7e-m+fp/hard\libc_nano.a(libc_a-assert.o)
                0x0800e5e8                __assert_func
 .text._scanf_float
                0x0800e624      0x41c D:/STM32CubeIDE_1.19.0/STM32CubeIDE/plugins/com.st.stm32cube.ide.mcu.externaltools.gnu-tools-for-stm32.13.3.rel1.win32_1.0.0.202411081344/tools/bin/../lib/gcc/arm-none-eabi/13.3.1/../../../../arm-none-eabi/lib/thumb/v7e-m+fp/hard\libc_nano.a(libc_a-nano-vfscanf_float.o)
                0x0800e624                _scanf_float
 .text.std      0x0800ea40       0x6c D:/STM32CubeIDE_1.19.0/STM32CubeIDE/plugins/com.st.stm32cube.ide.mcu.externaltools.gnu-tools-for-stm32.13.3.rel1.win32_1.0.0.202411081344/tools/bin/../lib/gcc/arm-none-eabi/13.3.1/../../../../arm-none-eabi/lib/thumb/v7e-m+fp/hard\libc_nano.a(libc_a-findfp.o)
 .text.stdio_exit_handler
                0x0800eaac       0x18 D:/STM32CubeIDE_1.19.0/STM32CubeIDE/plugins/com.st.stm32cube.ide.mcu.externaltools.gnu-tools-for-stm32.13.3.rel1.win32_1.0.0.202411081344/tools/bin/../lib/gcc/arm-none-eabi/13.3.1/../../../../arm-none-eabi/lib/thumb/v7e-m+fp/hard\libc_nano.a(libc_a-findfp.o)
 .text.cleanup_stdio
                0x0800eac4       0x40 D:/STM32CubeIDE_1.19.0/STM32CubeIDE/plugins/com.st.stm32cube.ide.mcu.externaltools.gnu-tools-for-stm32.13.3.rel1.win32_1.0.0.202411081344/tools/bin/../lib/gcc/arm-none-eabi/13.3.1/../../../../arm-none-eabi/lib/thumb/v7e-m+fp/hard\libc_nano.a(libc_a-findfp.o)
 .text.global_stdio_init.part.0
                0x0800eb04       0x3c D:/STM32CubeIDE_1.19.0/STM32CubeIDE/plugins/com.st.stm32cube.ide.mcu.externaltools.gnu-tools-for-stm32.13.3.rel1.win32_1.0.0.202411081344/tools/bin/../lib/gcc/arm-none-eabi/13.3.1/../../../../arm-none-eabi/lib/thumb/v7e-m+fp/hard\libc_nano.a(libc_a-findfp.o)
 .text.__sfp_lock_acquire
                0x0800eb40        0xc D:/STM32CubeIDE_1.19.0/STM32CubeIDE/plugins/com.st.stm32cube.ide.mcu.externaltools.gnu-tools-for-stm32.13.3.rel1.win32_1.0.0.202411081344/tools/bin/../lib/gcc/arm-none-eabi/13.3.1/../../../../arm-none-eabi/lib/thumb/v7e-m+fp/hard\libc_nano.a(libc_a-findfp.o)
                0x0800eb40                __sfp_lock_acquire
 .text.__sfp_lock_release
                0x0800eb4c        0xc D:/STM32CubeIDE_1.19.0/STM32CubeIDE/plugins/com.st.stm32cube.ide.mcu.externaltools.gnu-tools-for-stm32.13.3.rel1.win32_1.0.0.202411081344/tools/bin/../lib/gcc/arm-none-eabi/13.3.1/../../../../arm-none-eabi/lib/thumb/v7e-m+fp/hard\libc_nano.a(libc_a-findfp.o)
                0x0800eb4c                __sfp_lock_release
 .text.__sinit  0x0800eb58       0x30 D:/STM32CubeIDE_1.19.0/STM32CubeIDE/plugins/com.st.stm32cube.ide.mcu.externaltools.gnu-tools-for-stm32.13.3.rel1.win32_1.0.0.202411081344/tools/bin/../lib/gcc/arm-none-eabi/13.3.1/../../../../arm-none-eabi/lib/thumb/v7e-m+fp/hard\libc_nano.a(libc_a-findfp.o)
                0x0800eb58                __sinit
 .text.fprintf  0x0800eb88       0x24 D:/STM32CubeIDE_1.19.0/STM32CubeIDE/plugins/com.st.stm32cube.ide.mcu.externaltools.gnu-tools-for-stm32.13.3.rel1.win32_1.0.0.202411081344/tools/bin/../lib/gcc/arm-none-eabi/13.3.1/../../../../arm-none-eabi/lib/thumb/v7e-m+fp/hard\libc_nano.a(libc_a-fprintf.o)
                0x0800eb88                fiprintf
                0x0800eb88                fprintf
 .text._fwalk_sglue
                0x0800ebac       0x3c D:/STM32CubeIDE_1.19.0/STM32CubeIDE/plugins/com.st.stm32cube.ide.mcu.externaltools.gnu-tools-for-stm32.13.3.rel1.win32_1.0.0.202411081344/tools/bin/../lib/gcc/arm-none-eabi/13.3.1/../../../../arm-none-eabi/lib/thumb/v7e-m+fp/hard\libc_nano.a(libc_a-fwalk.o)
                0x0800ebac                _fwalk_sglue
 .text.snprintf
                0x0800ebe8       0x6c D:/STM32CubeIDE_1.19.0/STM32CubeIDE/plugins/com.st.stm32cube.ide.mcu.externaltools.gnu-tools-for-stm32.13.3.rel1.win32_1.0.0.202411081344/tools/bin/../lib/gcc/arm-none-eabi/13.3.1/../../../../arm-none-eabi/lib/thumb/v7e-m+fp/hard\libc_nano.a(libc_a-snprintf.o)
                0x0800ebe8                sniprintf
                0x0800ebe8                snprintf
 .text.sprintf  0x0800ec54       0x44 D:/STM32CubeIDE_1.19.0/STM32CubeIDE/plugins/com.st.stm32cube.ide.mcu.externaltools.gnu-tools-for-stm32.13.3.rel1.win32_1.0.0.202411081344/tools/bin/../lib/gcc/arm-none-eabi/13.3.1/../../../../arm-none-eabi/lib/thumb/v7e-m+fp/hard\libc_nano.a(libc_a-sprintf.o)
                0x0800ec54                siprintf
                0x0800ec54                sprintf
 .text.sscanf   0x0800ec98       0x58 D:/STM32CubeIDE_1.19.0/STM32CubeIDE/plugins/com.st.stm32cube.ide.mcu.externaltools.gnu-tools-for-stm32.13.3.rel1.win32_1.0.0.202411081344/tools/bin/../lib/gcc/arm-none-eabi/13.3.1/../../../../arm-none-eabi/lib/thumb/v7e-m+fp/hard\libc_nano.a(libc_a-sscanf.o)
                0x0800ec98                siscanf
                0x0800ec98                sscanf
 .text.__sread  0x0800ecf0       0x22 D:/STM32CubeIDE_1.19.0/STM32CubeIDE/plugins/com.st.stm32cube.ide.mcu.externaltools.gnu-tools-for-stm32.13.3.rel1.win32_1.0.0.202411081344/tools/bin/../lib/gcc/arm-none-eabi/13.3.1/../../../../arm-none-eabi/lib/thumb/v7e-m+fp/hard\libc_nano.a(libc_a-stdio.o)
                0x0800ecf0                __sread
 .text.__seofread
                0x0800ed12        0x4 D:/STM32CubeIDE_1.19.0/STM32CubeIDE/plugins/com.st.stm32cube.ide.mcu.externaltools.gnu-tools-for-stm32.13.3.rel1.win32_1.0.0.202411081344/tools/bin/../lib/gcc/arm-none-eabi/13.3.1/../../../../arm-none-eabi/lib/thumb/v7e-m+fp/hard\libc_nano.a(libc_a-stdio.o)
                0x0800ed12                __seofread
 .text.__swrite
                0x0800ed16       0x38 D:/STM32CubeIDE_1.19.0/STM32CubeIDE/plugins/com.st.stm32cube.ide.mcu.externaltools.gnu-tools-for-stm32.13.3.rel1.win32_1.0.0.202411081344/tools/bin/../lib/gcc/arm-none-eabi/13.3.1/../../../../arm-none-eabi/lib/thumb/v7e-m+fp/hard\libc_nano.a(libc_a-stdio.o)
                0x0800ed16                __swrite
 .text.__sseek  0x0800ed4e       0x24 D:/STM32CubeIDE_1.19.0/STM32CubeIDE/plugins/com.st.stm32cube.ide.mcu.externaltools.gnu-tools-for-stm32.13.3.rel1.win32_1.0.0.202411081344/tools/bin/../lib/gcc/arm-none-eabi/13.3.1/../../../../arm-none-eabi/lib/thumb/v7e-m+fp/hard\libc_nano.a(libc_a-stdio.o)
                0x0800ed4e                __sseek
 .text.__sclose
                0x0800ed72        0x8 D:/STM32CubeIDE_1.19.0/STM32CubeIDE/plugins/com.st.stm32cube.ide.mcu.externaltools.gnu-tools-for-stm32.13.3.rel1.win32_1.0.0.202411081344/tools/bin/../lib/gcc/arm-none-eabi/13.3.1/../../../../arm-none-eabi/lib/thumb/v7e-m+fp/hard\libc_nano.a(libc_a-stdio.o)
                0x0800ed72                __sclose
 .text.memset   0x0800ed7a       0x10 D:/STM32CubeIDE_1.19.0/STM32CubeIDE/plugins/com.st.stm32cube.ide.mcu.externaltools.gnu-tools-for-stm32.13.3.rel1.win32_1.0.0.202411081344/tools/bin/../lib/gcc/arm-none-eabi/13.3.1/../../../../arm-none-eabi/lib/thumb/v7e-m+fp/hard\libc_nano.a(libc_a-memset.o)
                0x0800ed7a                memset
 .text.strchr   0x0800ed8a       0x1a D:/STM32CubeIDE_1.19.0/STM32CubeIDE/plugins/com.st.stm32cube.ide.mcu.externaltools.gnu-tools-for-stm32.13.3.rel1.win32_1.0.0.202411081344/tools/bin/../lib/gcc/arm-none-eabi/13.3.1/../../../../arm-none-eabi/lib/thumb/v7e-m+fp/hard\libc_nano.a(libc_a-strchr.o)
                0x0800ed8a                strchr
 .text.strncat  0x0800eda4       0x26 D:/STM32CubeIDE_1.19.0/STM32CubeIDE/plugins/com.st.stm32cube.ide.mcu.externaltools.gnu-tools-for-stm32.13.3.rel1.win32_1.0.0.202411081344/tools/bin/../lib/gcc/arm-none-eabi/13.3.1/../../../../arm-none-eabi/lib/thumb/v7e-m+fp/hard\libc_nano.a(libc_a-strncat.o)
                0x0800eda4                strncat
 .text.strstr   0x0800edca       0x2c D:/STM32CubeIDE_1.19.0/STM32CubeIDE/plugins/com.st.stm32cube.ide.mcu.externaltools.gnu-tools-for-stm32.13.3.rel1.win32_1.0.0.202411081344/tools/bin/../lib/gcc/arm-none-eabi/13.3.1/../../../../arm-none-eabi/lib/thumb/v7e-m+fp/hard\libc_nano.a(libc_a-strstr.o)
                0x0800edca                strstr
 *fill*         0x0800edf6        0x2 
 .text._close_r
                0x0800edf8       0x20 D:/STM32CubeIDE_1.19.0/STM32CubeIDE/plugins/com.st.stm32cube.ide.mcu.externaltools.gnu-tools-for-stm32.13.3.rel1.win32_1.0.0.202411081344/tools/bin/../lib/gcc/arm-none-eabi/13.3.1/../../../../arm-none-eabi/lib/thumb/v7e-m+fp/hard\libc_nano.a(libc_a-closer.o)
                0x0800edf8                _close_r
 .text._reclaim_reent
                0x0800ee18       0xbc D:/STM32CubeIDE_1.19.0/STM32CubeIDE/plugins/com.st.stm32cube.ide.mcu.externaltools.gnu-tools-for-stm32.13.3.rel1.win32_1.0.0.202411081344/tools/bin/../lib/gcc/arm-none-eabi/13.3.1/../../../../arm-none-eabi/lib/thumb/v7e-m+fp/hard\libc_nano.a(libc_a-reent.o)
                0x0800ee18                _reclaim_reent
 .text._lseek_r
                0x0800eed4       0x24 D:/STM32CubeIDE_1.19.0/STM32CubeIDE/plugins/com.st.stm32cube.ide.mcu.externaltools.gnu-tools-for-stm32.13.3.rel1.win32_1.0.0.202411081344/tools/bin/../lib/gcc/arm-none-eabi/13.3.1/../../../../arm-none-eabi/lib/thumb/v7e-m+fp/hard\libc_nano.a(libc_a-lseekr.o)
                0x0800eed4                _lseek_r
 .text._read_r  0x0800eef8       0x24 D:/STM32CubeIDE_1.19.0/STM32CubeIDE/plugins/com.st.stm32cube.ide.mcu.externaltools.gnu-tools-for-stm32.13.3.rel1.win32_1.0.0.202411081344/tools/bin/../lib/gcc/arm-none-eabi/13.3.1/../../../../arm-none-eabi/lib/thumb/v7e-m+fp/hard\libc_nano.a(libc_a-readr.o)
                0x0800eef8                _read_r
 .text._write_r
                0x0800ef1c       0x24 D:/STM32CubeIDE_1.19.0/STM32CubeIDE/plugins/com.st.stm32cube.ide.mcu.externaltools.gnu-tools-for-stm32.13.3.rel1.win32_1.0.0.202411081344/tools/bin/../lib/gcc/arm-none-eabi/13.3.1/../../../../arm-none-eabi/lib/thumb/v7e-m+fp/hard\libc_nano.a(libc_a-writer.o)
                0x0800ef1c                _write_r
 .text.__errno  0x0800ef40        0xc D:/STM32CubeIDE_1.19.0/STM32CubeIDE/plugins/com.st.stm32cube.ide.mcu.externaltools.gnu-tools-for-stm32.13.3.rel1.win32_1.0.0.202411081344/tools/bin/../lib/gcc/arm-none-eabi/13.3.1/../../../../arm-none-eabi/lib/thumb/v7e-m+fp/hard\libc_nano.a(libc_a-errno.o)
                0x0800ef40                __errno
 .text.__libc_init_array
                0x0800ef4c       0x48 D:/STM32CubeIDE_1.19.0/STM32CubeIDE/plugins/com.st.stm32cube.ide.mcu.externaltools.gnu-tools-for-stm32.13.3.rel1.win32_1.0.0.202411081344/tools/bin/../lib/gcc/arm-none-eabi/13.3.1/../../../../arm-none-eabi/lib/thumb/v7e-m+fp/hard\libc_nano.a(libc_a-init.o)
                0x0800ef4c                __libc_init_array
 .text.__retarget_lock_init_recursive
                0x0800ef94        0x2 D:/STM32CubeIDE_1.19.0/STM32CubeIDE/plugins/com.st.stm32cube.ide.mcu.externaltools.gnu-tools-for-stm32.13.3.rel1.win32_1.0.0.202411081344/tools/bin/../lib/gcc/arm-none-eabi/13.3.1/../../../../arm-none-eabi/lib/thumb/v7e-m+fp/hard\libc_nano.a(libc_a-lock.o)
                0x0800ef94                __retarget_lock_init_recursive
 .text.__retarget_lock_acquire_recursive
                0x0800ef96        0x2 D:/STM32CubeIDE_1.19.0/STM32CubeIDE/plugins/com.st.stm32cube.ide.mcu.externaltools.gnu-tools-for-stm32.13.3.rel1.win32_1.0.0.202411081344/tools/bin/../lib/gcc/arm-none-eabi/13.3.1/../../../../arm-none-eabi/lib/thumb/v7e-m+fp/hard\libc_nano.a(libc_a-lock.o)
                0x0800ef96                __retarget_lock_acquire_recursive
 .text.__retarget_lock_release_recursive
                0x0800ef98        0x2 D:/STM32CubeIDE_1.19.0/STM32CubeIDE/plugins/com.st.stm32cube.ide.mcu.externaltools.gnu-tools-for-stm32.13.3.rel1.win32_1.0.0.202411081344/tools/bin/../lib/gcc/arm-none-eabi/13.3.1/../../../../arm-none-eabi/lib/thumb/v7e-m+fp/hard\libc_nano.a(libc_a-lock.o)
                0x0800ef98                __retarget_lock_release_recursive
 .text.memcpy   0x0800ef9a       0x1c D:/STM32CubeIDE_1.19.0/STM32CubeIDE/plugins/com.st.stm32cube.ide.mcu.externaltools.gnu-tools-for-stm32.13.3.rel1.win32_1.0.0.202411081344/tools/bin/../lib/gcc/arm-none-eabi/13.3.1/../../../../arm-none-eabi/lib/thumb/v7e-m+fp/hard\libc_nano.a(libc_a-memcpy-stub.o)
                0x0800ef9a                memcpy
 *fill*         0x0800efb6        0x2 
 .text.nanf     0x0800efb8        0xc D:/STM32CubeIDE_1.19.0/STM32CubeIDE/plugins/com.st.stm32cube.ide.mcu.externaltools.gnu-tools-for-stm32.13.3.rel1.win32_1.0.0.202411081344/tools/bin/../lib/gcc/arm-none-eabi/13.3.1/../../../../arm-none-eabi/lib/thumb/v7e-m+fp/hard\libc_nano.a(libm_a-sf_nan.o)
                0x0800efb8                nanf
 .text.abort    0x0800efc4        0xe D:/STM32CubeIDE_1.19.0/STM32CubeIDE/plugins/com.st.stm32cube.ide.mcu.externaltools.gnu-tools-for-stm32.13.3.rel1.win32_1.0.0.202411081344/tools/bin/../lib/gcc/arm-none-eabi/13.3.1/../../../../arm-none-eabi/lib/thumb/v7e-m+fp/hard\libc_nano.a(libc_a-abort.o)
                0x0800efc4                abort
 *fill*         0x0800efd2        0x2 
 .text._free_r  0x0800efd4       0x94 D:/STM32CubeIDE_1.19.0/STM32CubeIDE/plugins/com.st.stm32cube.ide.mcu.externaltools.gnu-tools-for-stm32.13.3.rel1.win32_1.0.0.202411081344/tools/bin/../lib/gcc/arm-none-eabi/13.3.1/../../../../arm-none-eabi/lib/thumb/v7e-m+fp/hard\libc_nano.a(libc_a-freer.o)
                0x0800efd4                _free_r
 .text.sbrk_aligned
                0x0800f068       0x44 D:/STM32CubeIDE_1.19.0/STM32CubeIDE/plugins/com.st.stm32cube.ide.mcu.externaltools.gnu-tools-for-stm32.13.3.rel1.win32_1.0.0.202411081344/tools/bin/../lib/gcc/arm-none-eabi/13.3.1/../../../../arm-none-eabi/lib/thumb/v7e-m+fp/hard\libc_nano.a(libc_a-mallocr.o)
 .text._malloc_r
                0x0800f0ac      0x100 D:/STM32CubeIDE_1.19.0/STM32CubeIDE/plugins/com.st.stm32cube.ide.mcu.externaltools.gnu-tools-for-stm32.13.3.rel1.win32_1.0.0.202411081344/tools/bin/../lib/gcc/arm-none-eabi/13.3.1/../../../../arm-none-eabi/lib/thumb/v7e-m+fp/hard\libc_nano.a(libc_a-mallocr.o)
                0x0800f0ac                _malloc_r
 .text.__malloc_lock
                0x0800f1ac        0xc D:/STM32CubeIDE_1.19.0/STM32CubeIDE/plugins/com.st.stm32cube.ide.mcu.externaltools.gnu-tools-for-stm32.13.3.rel1.win32_1.0.0.202411081344/tools/bin/../lib/gcc/arm-none-eabi/13.3.1/../../../../arm-none-eabi/lib/thumb/v7e-m+fp/hard\libc_nano.a(libc_a-mlock.o)
                0x0800f1ac                __malloc_lock
 .text.__malloc_unlock
                0x0800f1b8        0xc D:/STM32CubeIDE_1.19.0/STM32CubeIDE/plugins/com.st.stm32cube.ide.mcu.externaltools.gnu-tools-for-stm32.13.3.rel1.win32_1.0.0.202411081344/tools/bin/../lib/gcc/arm-none-eabi/13.3.1/../../../../arm-none-eabi/lib/thumb/v7e-m+fp/hard\libc_nano.a(libc_a-mlock.o)
                0x0800f1b8                __malloc_unlock
 .text.sulp     0x0800f1c4       0x3c D:/STM32CubeIDE_1.19.0/STM32CubeIDE/plugins/com.st.stm32cube.ide.mcu.externaltools.gnu-tools-for-stm32.13.3.rel1.win32_1.0.0.202411081344/tools/bin/../lib/gcc/arm-none-eabi/13.3.1/../../../../arm-none-eabi/lib/thumb/v7e-m+fp/hard\libc_nano.a(libc_a-strtod.o)
 .text._strtod_l
                0x0800f200      0xbc8 D:/STM32CubeIDE_1.19.0/STM32CubeIDE/plugins/com.st.stm32cube.ide.mcu.externaltools.gnu-tools-for-stm32.13.3.rel1.win32_1.0.0.202411081344/tools/bin/../lib/gcc/arm-none-eabi/13.3.1/../../../../arm-none-eabi/lib/thumb/v7e-m+fp/hard\libc_nano.a(libc_a-strtod.o)
                0x0800f200                _strtod_l
 .text._strtod_r
                0x0800fdc8        0xc D:/STM32CubeIDE_1.19.0/STM32CubeIDE/plugins/com.st.stm32cube.ide.mcu.externaltools.gnu-tools-for-stm32.13.3.rel1.win32_1.0.0.202411081344/tools/bin/../lib/gcc/arm-none-eabi/13.3.1/../../../../arm-none-eabi/lib/thumb/v7e-m+fp/hard\libc_nano.a(libc_a-strtod.o)
                0x0800fdc8                _strtod_r
 .text._strtol_l.isra.0
                0x0800fdd4       0xf4 D:/STM32CubeIDE_1.19.0/STM32CubeIDE/plugins/com.st.stm32cube.ide.mcu.externaltools.gnu-tools-for-stm32.13.3.rel1.win32_1.0.0.202411081344/tools/bin/../lib/gcc/arm-none-eabi/13.3.1/../../../../arm-none-eabi/lib/thumb/v7e-m+fp/hard\libc_nano.a(libc_a-strtol.o)
 .text._strtol_r
                0x0800fec8        0x4 D:/STM32CubeIDE_1.19.0/STM32CubeIDE/plugins/com.st.stm32cube.ide.mcu.externaltools.gnu-tools-for-stm32.13.3.rel1.win32_1.0.0.202411081344/tools/bin/../lib/gcc/arm-none-eabi/13.3.1/../../../../arm-none-eabi/lib/thumb/v7e-m+fp/hard\libc_nano.a(libc_a-strtol.o)
                0x0800fec8                _strtol_r
 .text.__ssputs_r
                0x0800fecc       0xb6 D:/STM32CubeIDE_1.19.0/STM32CubeIDE/plugins/com.st.stm32cube.ide.mcu.externaltools.gnu-tools-for-stm32.13.3.rel1.win32_1.0.0.202411081344/tools/bin/../lib/gcc/arm-none-eabi/13.3.1/../../../../arm-none-eabi/lib/thumb/v7e-m+fp/hard\libc_nano.a(libc_a-nano-svfprintf.o)
                0x0800fecc                __ssputs_r
 *fill*         0x0800ff82        0x2 
 .text._svfprintf_r
                0x0800ff84      0x1f8 D:/STM32CubeIDE_1.19.0/STM32CubeIDE/plugins/com.st.stm32cube.ide.mcu.externaltools.gnu-tools-for-stm32.13.3.rel1.win32_1.0.0.202411081344/tools/bin/../lib/gcc/arm-none-eabi/13.3.1/../../../../arm-none-eabi/lib/thumb/v7e-m+fp/hard\libc_nano.a(libc_a-nano-svfprintf.o)
                0x0800ff84                _svfiprintf_r
                0x0800ff84                _svfprintf_r
 .text._sungetc_r
                0x0801017c       0x7a D:/STM32CubeIDE_1.19.0/STM32CubeIDE/plugins/com.st.stm32cube.ide.mcu.externaltools.gnu-tools-for-stm32.13.3.rel1.win32_1.0.0.202411081344/tools/bin/../lib/gcc/arm-none-eabi/13.3.1/../../../../arm-none-eabi/lib/thumb/v7e-m+fp/hard\libc_nano.a(libc_a-nano-svfscanf.o)
                0x0801017c                _sungetc_r
 .text.__ssrefill_r
                0x080101f6       0x3a D:/STM32CubeIDE_1.19.0/STM32CubeIDE/plugins/com.st.stm32cube.ide.mcu.externaltools.gnu-tools-for-stm32.13.3.rel1.win32_1.0.0.202411081344/tools/bin/../lib/gcc/arm-none-eabi/13.3.1/../../../../arm-none-eabi/lib/thumb/v7e-m+fp/hard\libc_nano.a(libc_a-nano-svfscanf.o)
                0x080101f6                __ssrefill_r
 .text.__ssvfscanf_r
                0x08010230      0x2ec D:/STM32CubeIDE_1.19.0/STM32CubeIDE/plugins/com.st.stm32cube.ide.mcu.externaltools.gnu-tools-for-stm32.13.3.rel1.win32_1.0.0.202411081344/tools/bin/../lib/gcc/arm-none-eabi/13.3.1/../../../../arm-none-eabi/lib/thumb/v7e-m+fp/hard\libc_nano.a(libc_a-nano-svfscanf.o)
                0x08010230                __ssvfiscanf_r
                0x08010230                __ssvfscanf_r
 .text.__sfputc_r
                0x0801051c       0x2e D:/STM32CubeIDE_1.19.0/STM32CubeIDE/plugins/com.st.stm32cube.ide.mcu.externaltools.gnu-tools-for-stm32.13.3.rel1.win32_1.0.0.202411081344/tools/bin/../lib/gcc/arm-none-eabi/13.3.1/../../../../arm-none-eabi/lib/thumb/v7e-m+fp/hard\libc_nano.a(libc_a-nano-vfprintf.o)
 .text.__sfputs_r
                0x0801054a       0x24 D:/STM32CubeIDE_1.19.0/STM32CubeIDE/plugins/com.st.stm32cube.ide.mcu.externaltools.gnu-tools-for-stm32.13.3.rel1.win32_1.0.0.202411081344/tools/bin/../lib/gcc/arm-none-eabi/13.3.1/../../../../arm-none-eabi/lib/thumb/v7e-m+fp/hard\libc_nano.a(libc_a-nano-vfprintf.o)
                0x0801054a                __sfputs_r
 *fill*         0x0801056e        0x2 
 .text._vfprintf_r
                0x08010570      0x230 D:/STM32CubeIDE_1.19.0/STM32CubeIDE/plugins/com.st.stm32cube.ide.mcu.externaltools.gnu-tools-for-stm32.13.3.rel1.win32_1.0.0.202411081344/tools/bin/../lib/gcc/arm-none-eabi/13.3.1/../../../../arm-none-eabi/lib/thumb/v7e-m+fp/hard\libc_nano.a(libc_a-nano-vfprintf.o)
                0x08010570                _vfprintf_r
                0x08010570                _vfiprintf_r
 .text._printf_common
                0x080107a0       0xda D:/STM32CubeIDE_1.19.0/STM32CubeIDE/plugins/com.st.stm32cube.ide.mcu.externaltools.gnu-tools-for-stm32.13.3.rel1.win32_1.0.0.202411081344/tools/bin/../lib/gcc/arm-none-eabi/13.3.1/../../../../arm-none-eabi/lib/thumb/v7e-m+fp/hard\libc_nano.a(libc_a-nano-vfprintf_i.o)
                0x080107a0                _printf_common
 *fill*         0x0801087a        0x2 
 .text._printf_i
                0x0801087c      0x23c D:/STM32CubeIDE_1.19.0/STM32CubeIDE/plugins/com.st.stm32cube.ide.mcu.externaltools.gnu-tools-for-stm32.13.3.rel1.win32_1.0.0.202411081344/tools/bin/../lib/gcc/arm-none-eabi/13.3.1/../../../../arm-none-eabi/lib/thumb/v7e-m+fp/hard\libc_nano.a(libc_a-nano-vfprintf_i.o)
                0x0801087c                _printf_i
 .text._scanf_chars
                0x08010ab8       0xb4 D:/STM32CubeIDE_1.19.0/STM32CubeIDE/plugins/com.st.stm32cube.ide.mcu.externaltools.gnu-tools-for-stm32.13.3.rel1.win32_1.0.0.202411081344/tools/bin/../lib/gcc/arm-none-eabi/13.3.1/../../../../arm-none-eabi/lib/thumb/v7e-m+fp/hard\libc_nano.a(libc_a-nano-vfscanf_i.o)
                0x08010ab8                _scanf_chars
 .text._scanf_i
                0x08010b6c      0x1e8 D:/STM32CubeIDE_1.19.0/STM32CubeIDE/plugins/com.st.stm32cube.ide.mcu.externaltools.gnu-tools-for-stm32.13.3.rel1.win32_1.0.0.202411081344/tools/bin/../lib/gcc/arm-none-eabi/13.3.1/../../../../arm-none-eabi/lib/thumb/v7e-m+fp/hard\libc_nano.a(libc_a-nano-vfscanf_i.o)
                0x08010b6c                _scanf_i
 .text.__sflush_r
                0x08010d54      0x108 D:/STM32CubeIDE_1.19.0/STM32CubeIDE/plugins/com.st.stm32cube.ide.mcu.externaltools.gnu-tools-for-stm32.13.3.rel1.win32_1.0.0.202411081344/tools/bin/../lib/gcc/arm-none-eabi/13.3.1/../../../../arm-none-eabi/lib/thumb/v7e-m+fp/hard\libc_nano.a(libc_a-fflush.o)
                0x08010d54                __sflush_r
 .text._fflush_r
                0x08010e5c       0x50 D:/STM32CubeIDE_1.19.0/STM32CubeIDE/plugins/com.st.stm32cube.ide.mcu.externaltools.gnu-tools-for-stm32.13.3.rel1.win32_1.0.0.202411081344/tools/bin/../lib/gcc/arm-none-eabi/13.3.1/../../../../arm-none-eabi/lib/thumb/v7e-m+fp/hard\libc_nano.a(libc_a-fflush.o)
                0x08010e5c                _fflush_r
 .text.__sccl   0x08010eac       0x72 D:/STM32CubeIDE_1.19.0/STM32CubeIDE/plugins/com.st.stm32cube.ide.mcu.externaltools.gnu-tools-for-stm32.13.3.rel1.win32_1.0.0.202411081344/tools/bin/../lib/gcc/arm-none-eabi/13.3.1/../../../../arm-none-eabi/lib/thumb/v7e-m+fp/hard\libc_nano.a(libc_a-sccl.o)
                0x08010eac                __sccl
 .text.__submore
                0x08010f1e       0x74 D:/STM32CubeIDE_1.19.0/STM32CubeIDE/plugins/com.st.stm32cube.ide.mcu.externaltools.gnu-tools-for-stm32.13.3.rel1.win32_1.0.0.202411081344/tools/bin/../lib/gcc/arm-none-eabi/13.3.1/../../../../arm-none-eabi/lib/thumb/v7e-m+fp/hard\libc_nano.a(libc_a-ungetc.o)
                0x08010f1e                __submore
 .text.__swbuf_r
                0x08010f92       0x7c D:/STM32CubeIDE_1.19.0/STM32CubeIDE/plugins/com.st.stm32cube.ide.mcu.externaltools.gnu-tools-for-stm32.13.3.rel1.win32_1.0.0.202411081344/tools/bin/../lib/gcc/arm-none-eabi/13.3.1/../../../../arm-none-eabi/lib/thumb/v7e-m+fp/hard\libc_nano.a(libc_a-wbuf.o)
                0x08010f92                __swbuf_r
 *fill*         0x0801100e        0x2 
 .text.__swsetup_r
                0x08011010       0xac D:/STM32CubeIDE_1.19.0/STM32CubeIDE/plugins/com.st.stm32cube.ide.mcu.externaltools.gnu-tools-for-stm32.13.3.rel1.win32_1.0.0.202411081344/tools/bin/../lib/gcc/arm-none-eabi/13.3.1/../../../../arm-none-eabi/lib/thumb/v7e-m+fp/hard\libc_nano.a(libc_a-wsetup.o)
                0x08011010                __swsetup_r
 .text.memmove  0x080110bc       0x34 D:/STM32CubeIDE_1.19.0/STM32CubeIDE/plugins/com.st.stm32cube.ide.mcu.externaltools.gnu-tools-for-stm32.13.3.rel1.win32_1.0.0.202411081344/tools/bin/../lib/gcc/arm-none-eabi/13.3.1/../../../../arm-none-eabi/lib/thumb/v7e-m+fp/hard\libc_nano.a(libc_a-memmove.o)
                0x080110bc                memmove
 .text.strncmp  0x080110f0       0x24 D:/STM32CubeIDE_1.19.0/STM32CubeIDE/plugins/com.st.stm32cube.ide.mcu.externaltools.gnu-tools-for-stm32.13.3.rel1.win32_1.0.0.202411081344/tools/bin/../lib/gcc/arm-none-eabi/13.3.1/../../../../arm-none-eabi/lib/thumb/v7e-m+fp/hard\libc_nano.a(libc_a-strncmp.o)
                0x080110f0                strncmp
 .text._raise_r
                0x08011114       0x50 D:/STM32CubeIDE_1.19.0/STM32CubeIDE/plugins/com.st.stm32cube.ide.mcu.externaltools.gnu-tools-for-stm32.13.3.rel1.win32_1.0.0.202411081344/tools/bin/../lib/gcc/arm-none-eabi/13.3.1/../../../../arm-none-eabi/lib/thumb/v7e-m+fp/hard\libc_nano.a(libc_a-signal.o)
                0x08011114                _raise_r
 .text.raise    0x08011164       0x10 D:/STM32CubeIDE_1.19.0/STM32CubeIDE/plugins/com.st.stm32cube.ide.mcu.externaltools.gnu-tools-for-stm32.13.3.rel1.win32_1.0.0.202411081344/tools/bin/../lib/gcc/arm-none-eabi/13.3.1/../../../../arm-none-eabi/lib/thumb/v7e-m+fp/hard\libc_nano.a(libc_a-signal.o)
                0x08011164                raise
 .text._kill_r  0x08011174       0x24 D:/STM32CubeIDE_1.19.0/STM32CubeIDE/plugins/com.st.stm32cube.ide.mcu.externaltools.gnu-tools-for-stm32.13.3.rel1.win32_1.0.0.202411081344/tools/bin/../lib/gcc/arm-none-eabi/13.3.1/../../../../arm-none-eabi/lib/thumb/v7e-m+fp/hard\libc_nano.a(libc_a-signalr.o)
                0x08011174                _kill_r
 .text._getpid_r
                0x08011198        0x4 D:/STM32CubeIDE_1.19.0/STM32CubeIDE/plugins/com.st.stm32cube.ide.mcu.externaltools.gnu-tools-for-stm32.13.3.rel1.win32_1.0.0.202411081344/tools/bin/../lib/gcc/arm-none-eabi/13.3.1/../../../../arm-none-eabi/lib/thumb/v7e-m+fp/hard\libc_nano.a(libc_a-signalr.o)
                0x08011198                _getpid_r
 .text._sbrk_r  0x0801119c       0x20 D:/STM32CubeIDE_1.19.0/STM32CubeIDE/plugins/com.st.stm32cube.ide.mcu.externaltools.gnu-tools-for-stm32.13.3.rel1.win32_1.0.0.202411081344/tools/bin/../lib/gcc/arm-none-eabi/13.3.1/../../../../arm-none-eabi/lib/thumb/v7e-m+fp/hard\libc_nano.a(libc_a-sbrkr.o)
                0x0801119c                _sbrk_r
 *fill*         0x080111bc        0x4 
 .text.nan      0x080111c0       0x10 D:/STM32CubeIDE_1.19.0/STM32CubeIDE/plugins/com.st.stm32cube.ide.mcu.externaltools.gnu-tools-for-stm32.13.3.rel1.win32_1.0.0.202411081344/tools/bin/../lib/gcc/arm-none-eabi/13.3.1/../../../../arm-none-eabi/lib/thumb/v7e-m+fp/hard\libc_nano.a(libm_a-s_nan.o)
                0x080111c0                nan
 .text.rshift   0x080111d0       0xa4 D:/STM32CubeIDE_1.19.0/STM32CubeIDE/plugins/com.st.stm32cube.ide.mcu.externaltools.gnu-tools-for-stm32.13.3.rel1.win32_1.0.0.202411081344/tools/bin/../lib/gcc/arm-none-eabi/13.3.1/../../../../arm-none-eabi/lib/thumb/v7e-m+fp/hard\libc_nano.a(libc_a-gdtoa-gethex.o)
 .text.__hexdig_fun
                0x08011274       0x2a D:/STM32CubeIDE_1.19.0/STM32CubeIDE/plugins/com.st.stm32cube.ide.mcu.externaltools.gnu-tools-for-stm32.13.3.rel1.win32_1.0.0.202411081344/tools/bin/../lib/gcc/arm-none-eabi/13.3.1/../../../../arm-none-eabi/lib/thumb/v7e-m+fp/hard\libc_nano.a(libc_a-gdtoa-gethex.o)
                0x08011274                __hexdig_fun
 *fill*         0x0801129e        0x2 
 .text.__gethex
                0x080112a0      0x420 D:/STM32CubeIDE_1.19.0/STM32CubeIDE/plugins/com.st.stm32cube.ide.mcu.externaltools.gnu-tools-for-stm32.13.3.rel1.win32_1.0.0.202411081344/tools/bin/../lib/gcc/arm-none-eabi/13.3.1/../../../../arm-none-eabi/lib/thumb/v7e-m+fp/hard\libc_nano.a(libc_a-gdtoa-gethex.o)
                0x080112a0                __gethex
 .text.L_shift  0x080116c0       0x24 D:/STM32CubeIDE_1.19.0/STM32CubeIDE/plugins/com.st.stm32cube.ide.mcu.externaltools.gnu-tools-for-stm32.13.3.rel1.win32_1.0.0.202411081344/tools/bin/../lib/gcc/arm-none-eabi/13.3.1/../../../../arm-none-eabi/lib/thumb/v7e-m+fp/hard\libc_nano.a(libc_a-gdtoa-hexnan.o)
 .text.__match  0x080116e4       0x28 D:/STM32CubeIDE_1.19.0/STM32CubeIDE/plugins/com.st.stm32cube.ide.mcu.externaltools.gnu-tools-for-stm32.13.3.rel1.win32_1.0.0.202411081344/tools/bin/../lib/gcc/arm-none-eabi/13.3.1/../../../../arm-none-eabi/lib/thumb/v7e-m+fp/hard\libc_nano.a(libc_a-gdtoa-hexnan.o)
                0x080116e4                __match
 .text.__hexnan
                0x0801170c      0x136 D:/STM32CubeIDE_1.19.0/STM32CubeIDE/plugins/com.st.stm32cube.ide.mcu.externaltools.gnu-tools-for-stm32.13.3.rel1.win32_1.0.0.202411081344/tools/bin/../lib/gcc/arm-none-eabi/13.3.1/../../../../arm-none-eabi/lib/thumb/v7e-m+fp/hard\libc_nano.a(libc_a-gdtoa-hexnan.o)
                0x0801170c                __hexnan
 .text.__ascii_mbtowc
                0x08011842       0x24 D:/STM32CubeIDE_1.19.0/STM32CubeIDE/plugins/com.st.stm32cube.ide.mcu.externaltools.gnu-tools-for-stm32.13.3.rel1.win32_1.0.0.202411081344/tools/bin/../lib/gcc/arm-none-eabi/13.3.1/../../../../arm-none-eabi/lib/thumb/v7e-m+fp/hard\libc_nano.a(libc_a-mbtowc_r.o)
                0x08011842                __ascii_mbtowc
 *fill*         0x08011866        0x2 
 .text._Balloc  0x08011868       0x80 D:/STM32CubeIDE_1.19.0/STM32CubeIDE/plugins/com.st.stm32cube.ide.mcu.externaltools.gnu-tools-for-stm32.13.3.rel1.win32_1.0.0.202411081344/tools/bin/../lib/gcc/arm-none-eabi/13.3.1/../../../../arm-none-eabi/lib/thumb/v7e-m+fp/hard\libc_nano.a(libc_a-mprec.o)